Archive member included because of file (symbol)

C:/Program Files (x86)/Rowley Associates Limited/CrossWorks for ARM 2.3/lib/libm_v7m_t_le.a(libm_asm.o)
                              THUMB Debug/fet.o (__floatsisf)
C:/Program Files (x86)/Rowley Associates Limited/CrossWorks for ARM 2.3/lib/libm_v7m_t_le.a(libm2.o)
                              THUMB Debug/fet.o (sinf)
C:/Program Files (x86)/Rowley Associates Limited/CrossWorks for ARM 2.3/lib/libm_v7m_t_le.a(libm2_asm.o)
                              C:/Program Files (x86)/Rowley Associates Limited/CrossWorks for ARM 2.3/lib/libm_v7m_t_le.a(libm2.o) (fabs)
C:/Program Files (x86)/Rowley Associates Limited/CrossWorks for ARM 2.3/lib/libc_v7m_t_le.a(libc2.o)
                              THUMB Debug/cli.o (bsearch)
C:/Program Files (x86)/Rowley Associates Limited/CrossWorks for ARM 2.3/lib/libc_v7m_t_le.a(libc2_asm.o)
                              THUMB Debug/cli.o (memcpy)
C:/Program Files (x86)/Rowley Associates Limited/CrossWorks for ARM 2.3/lib/libc_v7m_t_le.a(__vfprintf_double_long_long.o)
                              (__vfprintf_double_long_long)
C:/Program Files (x86)/Rowley Associates Limited/CrossWorks for ARM 2.3/lib/libc_v7m_t_le.a(__vfscanf_double_long_long.o)
                              (__vfscanf_double_long_long)
C:/Program Files (x86)/Rowley Associates Limited/CrossWorks for ARM 2.3/lib/libc_v7m_t_le.a(libc_asm.o)
                              C:/Program Files (x86)/Rowley Associates Limited/CrossWorks for ARM 2.3/lib/libc_v7m_t_le.a(libc2.o) (__umoddi3)
C:/Program Files (x86)/Rowley Associates Limited/CrossWorks for ARM 2.3/lib/libdebugio_v7m_t_le.a(libdebugio.o)
                              (__do_debug_operation_mempoll)
C:/Program Files (x86)/Rowley Associates Limited/CrossWorks for ARM 2.3/lib/libc_user_libc_v7m_t_le.a(user_libc.o)
                              C:/Program Files (x86)/Rowley Associates Limited/CrossWorks for ARM 2.3/lib/libm_v7m_t_le.a(libm2.o) (__errno)

Discarded input sections

 .text          0x00000000        0x0 THUMB Debug/main.o
 .data          0x00000000        0x0 THUMB Debug/main.o
 .bss           0x00000000        0x0 THUMB Debug/main.o
 .text.reset_wait
                0x00000000       0x48 THUMB Debug/main.o
 .bss.buf       0x00000000       0x40 THUMB Debug/main.o
 .text          0x00000000        0x0 THUMB Debug/fet.o
 .data          0x00000000        0x0 THUMB Debug/fet.o
 .bss           0x00000000        0x0 THUMB Debug/fet.o
 .text.fetSelfTest
                0x00000000      0x280 THUMB Debug/fet.o
 .text.fetTest  0x00000000       0x54 THUMB Debug/fet.o
 .text          0x00000000        0x0 THUMB Debug/digital.o
 .data          0x00000000        0x0 THUMB Debug/digital.o
 .bss           0x00000000        0x0 THUMB Debug/digital.o
 .text          0x00000000        0x0 THUMB Debug/rcc.o
 .data          0x00000000        0x0 THUMB Debug/rcc.o
 .bss           0x00000000        0x0 THUMB Debug/rcc.o
 .text          0x00000000        0x0 THUMB Debug/adc.o
 .data          0x00000000        0x0 THUMB Debug/adc.o
 .bss           0x00000000        0x0 THUMB Debug/adc.o
 .text.adcGetInstantCurrent
                0x00000000       0x48 THUMB Debug/adc.o
 .bss.numLoops  0x00000000        0x4 THUMB Debug/adc.o
 .text          0x00000000        0x0 THUMB Debug/serial.o
 .data          0x00000000        0x0 THUMB Debug/serial.o
 .bss           0x00000000        0x0 THUMB Debug/serial.o
 .text          0x00000000        0x0 THUMB Debug/pwm.o
 .data          0x00000000        0x0 THUMB Debug/pwm.o
 .bss           0x00000000        0x0 THUMB Debug/pwm.o
 .text          0x00000000        0x0 THUMB Debug/timer.o
 .data          0x00000000        0x0 THUMB Debug/timer.o
 .bss           0x00000000        0x0 THUMB Debug/timer.o
 .text.timerAlarmActive3
                0x00000000       0x10 THUMB Debug/timer.o
 .text          0x00000000        0x0 THUMB Debug/run.o
 .data          0x00000000        0x0 THUMB Debug/run.o
 .bss           0x00000000        0x0 THUMB Debug/run.o
 .text          0x00000000        0x0 THUMB Debug/cli.o
 .data          0x00000000        0x0 THUMB Debug/cli.o
 .bss           0x00000000        0x0 THUMB Debug/cli.o
 .text          0x00000000        0x0 THUMB Debug/config.o
 .data          0x00000000        0x0 THUMB Debug/config.o
 .bss           0x00000000        0x0 THUMB Debug/config.o
 .text.configSetParam
                0x00000000       0x48 THUMB Debug/config.o
 .text.configGetParam
                0x00000000       0x28 THUMB Debug/config.o
 .text          0x00000000        0x0 THUMB Debug/binary.o
 .data          0x00000000        0x0 THUMB Debug/binary.o
 .bss           0x00000000        0x0 THUMB Debug/binary.o
 .text          0x00000000        0x0 THUMB Debug/ow.o
 .data          0x00000000        0x0 THUMB Debug/ow.o
 .bss           0x00000000        0x0 THUMB Debug/ow.o
 .text          0x00000000        0x0 THUMB Debug/can.o
 .data          0x00000000        0x0 THUMB Debug/can.o
[...]
Memory Configuration

Name             Origin             Length             Attributes
UNPLACED_SECTIONS 0xffffffff         0x00000000         xw
FLASH            0x08000000         0x00010000         xr
RAM              0x20000000         0x00005000         xw
APB1             0x40000000         0x00010000         xw
APB2             0x40010000         0x00018000         xw
AHB              0x40020000         0x00003400         xw
PPB              0xe0000000         0x00100000         xw
USB_CAN_RAM      0x40006000         0x00000200         xw
CM3_System_Control_Space 0xe000e000         0x00001000         xw
*default*        0x00000000         0xffffffff

Linker script and memory map

                0x0800db84                __do_debug_operation = __do_debug_operation_mempoll
                0x0800c1f0                __vfprintf = __vfprintf_double_long_long
                0x0800d420                __vfscanf = __vfscanf_double_long_long
                0x08000000                __FLASH_segment_start__ = 0x8000000
                0x08010000                __FLASH_segment_end__ = 0x8010000
                0x20000000                __RAM_segment_start__ = 0x20000000
                0x20005000                __RAM_segment_end__ = 0x20005000
                0x40000000                __APB1_segment_start__ = 0x40000000
                0x40010000                __APB1_segment_end__ = 0x40010000
                0x40010000                __APB2_segment_start__ = 0x40010000
                0x40028000                __APB2_segment_end__ = 0x40028000
                0x40020000                __AHB_segment_start__ = 0x40020000
                0x40023400                __AHB_segment_end__ = 0x40023400
                0xe0000000                __PPB_segment_start__ = 0xe0000000
                0xe0100000                __PPB_segment_end__ = 0xe0100000
                0x40006000                __USB_CAN_RAM_segment_start__ = 0x40006000
                0x40006200                __USB_CAN_RAM_segment_end__ = 0x40006200
                0xe000e000                __CM3_System_Control_Space_segment_start__ = 0xe000e000
                0xe000f000                __CM3_System_Control_Space_segment_end__ = 0xe000f000
                0x00000400                __STACKSIZE__ = 0x400
                0x00000000                __STACKSIZE_PROCESS__ = 0x0
                0x00000000                __STACKSIZE_IRQ__ = 0x0
                0x00000000                __STACKSIZE_FIQ__ = 0x0
                0x00000000                __STACKSIZE_SVC__ = 0x0
                0x00000000                __STACKSIZE_ABT__ = 0x0
                0x00000000                __STACKSIZE_UND__ = 0x0
                0x00000400                __HEAPSIZE__ = 0x400
                0x20000000                __vectors_ram_load_start__ = ALIGN (__RAM_segment_start__, 0x100)

.vectors_ram    0x20000000        0x0
                0x20000000                __vectors_ram_start__ = .
 *(.vectors_ram .vectors_ram.*)
                0x20000000                __vectors_ram_end__ = (__vectors_ram_start__ + SIZEOF (.vectors_ram))
                0x20000000                __vectors_ram_load_end__ = __vectors_ram_end__
                0x00000001                . = ASSERT (((__vectors_ram_end__ >= __RAM_segment_start__) && (__vectors_ram_end__ <= __RAM_segment_end__)), error: .vectors_ram is too large to fit in RAM memory segment)
                0x08000000                __vectors_load_start__ = ALIGN (__FLASH_segment_start__, 0x100)

.vectors        0x08000000       0xec
                0x08000000                __vectors_start__ = .
 *(.vectors .vectors.*)
 .vectors       0x08000000       0xec THUMB Debug/STM32_Startup.o
                0x08000000                _vectors
                0x080000ec                __vectors_end__ = (__vectors_start__ + SIZEOF (.vectors))
                0x080000ec                __vectors_load_end__ = __vectors_end__
                0x00000001                . = ASSERT (((__vectors_end__ >= __FLASH_segment_start__) && (__vectors_end__ <= __FLASH_segment_end__)), error: .vectors is too large to fit in FLASH memory segment)
                0x080000ec                __init_load_start__ = ALIGN (__vectors_end__, 0x4)

.init           0x080000ec      0x1b0
                0x080000ec                __init_start__ = .
 *(.init .init.*)
 .init          0x080000ec      0x124 THUMB Debug/thumb_crt0.o
                0x080000ec                _start
                0x0800017c                exit
                0x080001a0                __getchar
                0x080001a0                __putchar
 .init          0x08000210       0x8c THUMB Debug/STM32_Startup.o
                0x08000210                NMI_Handler
                0x0800021a                SVC_Handler
                0x0800021c                DebugMon_Handler
                0x0800021e                PendSV_Handler
                0x08000222                WWDG_IRQHandler
                0x08000226                TAMPER_IRQHandler
                0x08000228                RTC_IRQHandler
                0x0800022a                FLASH_IRQHandler
                0x0800022c                RCC_IRQHandler
                0x0800022e                EXTI0_IRQHandler
                0x08000230                EXTI1_IRQHandler
                0x08000232                EXTI2_IRQHandler
                0x08000234                EXTI3_IRQHandler
                0x08000236                EXTI4_IRQHandler
                0x0800023a                DMA1_Channel2_IRQHandler
                0x0800023c                DMA1_Channel3_IRQHandler
                0x08000240                DMA1_Channel5_IRQHandler
                0x08000242                DMA1_Channel6_IRQHandler
                0x08000244                DMA1_Channel7_IRQHandler
                0x08000246                ADC1_2_IRQHandler
                0x0800024e                CAN1_SCE_IRQHandler
                0x08000250                EXTI9_5_IRQHandler
                0x08000252                TIM1_BRK_IRQHandler
                0x08000254                TIM1_UP_IRQHandler
                0x08000256                TIM1_TRG_COM_IRQHandler
                0x0800025c                TIM3_IRQHandler
                0x0800025e                TIM4_IRQHandler
                0x08000260                I2C1_EV_IRQHandler
                0x08000262                I2C1_ER_IRQHandler
                0x08000264                I2C2_EV_IRQHandler
                0x08000266                I2C2_ER_IRQHandler
                0x08000268                SPI1_IRQHandler
                0x0800026a                SPI2_IRQHandler
                0x0800026c                USART1_IRQHandler
                0x0800026e                USART2_IRQHandler
                0x08000270                USART3_IRQHandler
                0x08000272                EXTI15_10_IRQHandler
                0x08000274                RTCAlarm_IRQHandler
                0x08000276                USBWakeUp_IRQHandler
                0x08000278                reset_handler
                0x0800029c                __init_end__ = (__init_start__ + SIZEOF (.init))
                0x0800029c                __init_load_end__ = __init_end__
                0x00000001                . = ASSERT (((__init_end__ >= __FLASH_segment_start__) && (__init_end__ <= __FLASH_segment_end__)), error: .init is too large to fit in FLASH memory segment)
                0x0800029c                __text_load_start__ = ALIGN (__init_end__, 0x4)

.text           0x0800029c     0xd93c
                0x0800029c                __text_start__ = .
 *(.text .text.* .glue_7t .glue_7 .gnu.linkonce.t.* .gcc_except_table .ARM.extab* .gnu.linkonce.armextab.*)
 .glue_7        0x00000000        0x0 linker stubs
 .glue_7t       0x00000000        0x0 linker stubs
 .text.main     0x0800029c      0x1a0 THUMB Debug/main.o
                0x0800029c                main
 .text.assert_failed
                0x0800043c        0x4 THUMB Debug/main.o
                0x0800043c                assert_failed
 .text.HardFault_Handler
                0x08000440       0x48 THUMB Debug/main.o
                0x08000440                HardFault_Handler
 .text.MemManage_Handler
                0x08000488       0x48 THUMB Debug/main.o
                0x08000488                MemManage_Handler
 .text.BusFault_Handler
                0x080004d0       0x48 THUMB Debug/main.o
                0x080004d0                BusFault_Handler
 .text.UsageFault_Handler
                0x08000518       0x48 THUMB Debug/main.o
                0x08000518                UsageFault_Handler
 .text.fetCreateSine
                0x08000560       0xb4 THUMB Debug/fet.o
                0x08000560                fetCreateSine
 .text._fetSetServoDuty
                0x08000614       0x40 THUMB Debug/fet.o
                0x08000614                _fetSetServoDuty
 .text.fetUpdateServo
                0x08000654      0x284 THUMB Debug/fet.o
                0x08000654                fetUpdateServo
 .text.fetSetAngleFromPwm
                0x080008d8       0x48 THUMB Debug/fet.o
                0x080008d8                fetSetAngleFromPwm
 .text.fetSetAngle
                0x08000920       0x24 THUMB Debug/fet.o
                0x08000920                fetSetAngle
 .text.fetSetBraking
                0x08000944       0x60 THUMB Debug/fet.o
                0x08000944                fetSetBraking
 .text._fetSetDutyCycle
                0x080009a4       0x68 THUMB Debug/fet.o
                0x080009a4                _fetSetDutyCycle
 .text.fetSetDutyCycle
                0x08000a0c       0x20 THUMB Debug/fet.o
                0x08000a0c                fetSetDutyCycle
 .text.fetSetStep
                0x08000a2c       0xdc THUMB Debug/fet.o
                0x08000a2c                fetSetStep
 .text.fetMissedCommutate
                0x08000b08       0x3c THUMB Debug/fet.o
                0x08000b08                fetMissedCommutate
 .text.fetBeep  0x08000b44       0x80 THUMB Debug/fet.o
                0x08000b44                fetBeep
 .text.fetSetBaseTime
                0x08000bc4       0x64 THUMB Debug/fet.o
                0x08000bc4                fetSetBaseTime
 .text.fetCommutate
                0x08000c28       0xe0 THUMB Debug/fet.o
                0x08000c28                fetCommutate
 .text.motorStartSeqInit
                0x08000d08       0x48 THUMB Debug/fet.o
                0x08000d08                motorStartSeqInit
 .text.fetStartCommutation
                0x08000d50       0xd8 THUMB Debug/fet.o
                0x08000d50                fetStartCommutation
 .text.motorStartSeq
                0x08000e28      0x230 THUMB Debug/fet.o
                0x08000e28                motorStartSeq
 .text.fetSetConstants
                0x08001058      0x1f0 THUMB Debug/fet.o
                0x08001058                fetSetConstants
 .text.fetInit  0x08001248      0x208 THUMB Debug/fet.o
                0x08001248                fetInit
 .text.digitalInit
                0x08001450       0x3c THUMB Debug/digital.o
                0x08001450                digitalInit
 .text.digitalTogg
                0x0800148c       0x10 THUMB Debug/digital.o
                0x0800148c                digitalTogg
 .text.rccReadBkpDr
                0x0800149c       0x1c THUMB Debug/rcc.o
                0x0800149c                rccReadBkpDr
 .text.rccWriteBkpDr
                0x080014b8       0x3c THUMB Debug/rcc.o
                0x080014b8                rccWriteBkpDr
 .text.rccBootLoader
                0x080014f4       0x70 THUMB Debug/rcc.o
                0x080014f4                rccBootLoader
 .text.rccReset
                0x08001564       0x24 THUMB Debug/rcc.o
                0x08001564                rccReset
 .text.rccInit  0x08001588      0x12c THUMB Debug/rcc.o
                0x08001588                rccInit
 .text.adcCalibrateADC
                0x080016b4       0x24 THUMB Debug/adc.o
                0x080016b4                adcCalibrateADC
 .text.adcSetCrossingPeriod
                0x080016d8       0x1c THUMB Debug/adc.o
                0x080016d8                adcSetCrossingPeriod
 .text.DMA1_Channel1_IRQHandler
                0x080016f4      0x608 THUMB Debug/adc.o
                0x080016f4                DMA1_Channel1_IRQHandler
 .text.adcSetConstants
                0x08001cfc      0x1ec THUMB Debug/adc.o
                0x08001cfc                adcSetConstants
 .text.adcInit  0x08001ee8      0x288 THUMB Debug/adc.o
                0x08001ee8                adcInit
 .text.serialStartTxDMA
                0x08002170       0x68 THUMB Debug/serial.o
                0x08002170                serialStartTxDMA
 .text.serialWrite
                0x080021d8       0x3c THUMB Debug/serial.o
                0x080021d8                serialWrite
 .text.serialAvailable
                0x08002214       0x1c THUMB Debug/serial.o
                0x08002214                serialAvailable
 .text.serialRead
                0x08002230       0x2c THUMB Debug/serial.o
                0x08002230                serialRead
 .text.serialPrint
                0x0800225c       0x18 THUMB Debug/serial.o
                0x0800225c                serialPrint
 .text.serialOpenPort
                0x08002274       0x34 THUMB Debug/serial.o
                0x08002274                serialOpenPort
 .text.serialInit
                0x080022a8      0x15c THUMB Debug/serial.o
                0x080022a8                serialInit
 .text.DMA1_Channel4_IRQHandler
                0x08002404       0x30 THUMB Debug/serial.o
                0x08002404                DMA1_Channel4_IRQHandler
 .text.serialSetConstants
                0x08002434       0x6c THUMB Debug/serial.o
                0x08002434                serialSetConstants
 .text.pwmIsrAllOff
                0x080024a0       0x1c THUMB Debug/pwm.o
                0x080024a0                pwmIsrAllOff
 .text.pwmIsrAllOn
                0x080024bc       0x18 THUMB Debug/pwm.o
                0x080024bc                pwmIsrAllOn
 .text.pwmIsrRunOn
                0x080024d4       0x24 THUMB Debug/pwm.o
                0x080024d4                pwmIsrRunOn
 .text.TIM1_CC_IRQHandler
                0x080024f8       0xc0 THUMB Debug/pwm.o
                0x080024f8                TIM1_CC_IRQHandler
 .text.pwmSetConstants
                0x080025b8      0x108 THUMB Debug/pwm.o
                0x080025b8                pwmSetConstants
 .text.pwmInit  0x080026c0       0xd0 THUMB Debug/pwm.o
                0x080026c0                pwmInit
 .text.timerGetMicros
                0x08002790       0x4c THUMB Debug/timer.o
                0x08002790                timerGetMicros
 .text.timerDelay
                0x080027dc       0x2c THUMB Debug/timer.o
                0x080027dc                timerDelay
 .text.timerCancelAlarm1
                0x08002808       0x24 THUMB Debug/timer.o
                0x08002808                timerCancelAlarm1
 .text.timerCancelAlarm2
                0x0800282c       0x24 THUMB Debug/timer.o
                0x0800282c                timerCancelAlarm2
 .text.timerCancelAlarm3
                0x08002850       0x24 THUMB Debug/timer.o
                0x08002850                timerCancelAlarm3
 .text.timerInit
                0x08002874       0xc0 THUMB Debug/timer.o
                0x08002874                timerInit
 .text.timerSetAlarm1
                0x08002934       0x50 THUMB Debug/timer.o
                0x08002934                timerSetAlarm1
 .text.timerSetAlarm2
                0x08002984       0x50 THUMB Debug/timer.o
                0x08002984                timerSetAlarm2
 .text.timerSetAlarm3
                0x080029d4       0x50 THUMB Debug/timer.o
                0x080029d4                timerSetAlarm3
 .text.TIM2_IRQHandler
                0x08002a24       0xb0 THUMB Debug/timer.o
                0x08002a24                TIM2_IRQHandler
 .text.runFeedIWDG
                0x08002ad4        0x4 THUMB Debug/run.o
                0x08002ad4                runFeedIWDG
 .text.runIWDGInit
                0x08002ad8        0x8 THUMB Debug/run.o
                0x08002ad8                runIWDGInit
 .text.runDisarm
                0x08002ae0       0x50 THUMB Debug/run.o
                0x08002ae0                runDisarm
 .text.runArm   0x08002b30       0xbc THUMB Debug/run.o
                0x08002b30                runArm
 .text.runStop  0x08002bec       0x18 THUMB Debug/run.o
                0x08002bec                runStop
 .text.runDuty  0x08002c04       0x6c THUMB Debug/run.o
                0x08002c04                runDuty
 .text.runRpmPIDReset
                0x08002c70       0x10 THUMB Debug/run.o
                0x08002c70                runRpmPIDReset
 .text.runStart
                0x08002c80       0x60 THUMB Debug/run.o
                0x08002c80                runStart
 .text.runNewInput
                0x08002ce0      0x2d4 THUMB Debug/run.o
                0x08002ce0                runNewInput
 .text.runSetpoint
                0x08002fb4      0x14c THUMB Debug/run.o
                0x08002fb4                runSetpoint
 .text.runSetupPVD
                0x08003100       0x50 THUMB Debug/run.o
                0x08003100                runSetupPVD
 .text.SysTick_Handler
                0x08003150      0x950 THUMB Debug/run.o
                0x08003150                SysTick_Handler
 .text.PVD_IRQHandler
                0x08003aa0       0x40 THUMB Debug/run.o
                0x08003aa0                PVD_IRQHandler
 .text.runSetConstants
                0x08003ae0      0x14c THUMB Debug/run.o
                0x08003ae0                runSetConstants
 .text.runInit  0x08003c2c       0x74 THUMB Debug/run.o
                0x08003c2c                runInit
 .text.cliFuncBinary
                0x08003ca0       0x50 THUMB Debug/cli.o
                0x08003ca0                cliFuncBinary
 .text.cliFuncVer
                0x08003cf0       0x28 THUMB Debug/cli.o
                0x08003cf0                cliFuncVer
 .text.cliFuncStatus
                0x08003d18      0x298 THUMB Debug/cli.o
                0x08003d18                cliFuncStatus
 .text.cliFuncHelp
                0x08003fb0       0x48 THUMB Debug/cli.o
                0x08003fb0                cliFuncHelp
 .text.cliCommandComp
                0x08003ff8       0x18 THUMB Debug/cli.o
                0x08003ff8                cliCommandComp
 .text.cliFuncStart
                0x08004010       0x50 THUMB Debug/cli.o
                0x08004010                cliFuncStart
 .text.cliFuncBoot
                0x08004060       0x3c THUMB Debug/cli.o
                0x08004060                cliFuncBoot
 .text.cliUsage
                0x0800409c       0x34 THUMB Debug/cli.o
                0x0800409c                cliUsage
 .text.cliFuncTelemetry
                0x080040d0       0x84 THUMB Debug/cli.o
                0x080040d0                cliFuncTelemetry
 .text.cliFuncRpm
                0x08004154       0xf0 THUMB Debug/cli.o
                0x08004154                cliFuncRpm
 .text.cliFuncPwm
                0x08004244       0xd8 THUMB Debug/cli.o
                0x08004244                cliFuncPwm
 .text.cliFuncPos
                0x0800431c       0x90 THUMB Debug/cli.o
                0x0800431c                cliFuncPos
 .text.cliFuncDuty
                0x080043ac       0xb4 THUMB Debug/cli.o
                0x080043ac                cliFuncDuty
 .text.cliFuncConfig
                0x08004460       0xc4 THUMB Debug/cli.o
                0x08004460                cliFuncConfig
 .text.cliFuncBeep
                0x08004524       0x8c THUMB Debug/cli.o
                0x08004524                cliFuncBeep
 .text.cliFuncChangeInput
                0x080045b0       0x48 THUMB Debug/cli.o
                0x080045b0                cliFuncChangeInput
 .text.cliFuncStop
                0x080045f8       0x40 THUMB Debug/cli.o
                0x080045f8                cliFuncStop
 .text.cliFuncDisarm
                0x08004638       0x24 THUMB Debug/cli.o
                0x08004638                cliFuncDisarm
 .text.cliFuncMode
                0x0800465c       0xa4 THUMB Debug/cli.o
                0x0800465c                cliFuncMode
 .text.cliFuncInput
                0x08004700       0x70 THUMB Debug/cli.o
                0x08004700                cliFuncInput
 .text.cliFuncArm
                0x08004770       0x48 THUMB Debug/cli.o
                0x08004770                cliFuncArm
 .text.cliPrintParam
                0x080047b8       0x68 THUMB Debug/cli.o
                0x080047b8                cliPrintParam
 .text.cliFuncSet
                0x08004820       0xdc THUMB Debug/cli.o
                0x08004820                cliFuncSet
 .text.cliCommandGet
                0x080048fc       0x34 THUMB Debug/cli.o
                0x080048fc                cliCommandGet
 .text.cliTabComplete
                0x08004930       0x64 THUMB Debug/cli.o
                0x08004930                cliTabComplete
 .text.cliPrompt
                0x08004994       0x34 THUMB Debug/cli.o
                0x08004994                cliPrompt
 .text.cliCheck
                0x080049c8      0x26c THUMB Debug/cli.o
                0x080049c8                cliCheck
 .text.cliInit  0x08004c34       0x5c THUMB Debug/cli.o
                0x08004c34                cliInit
 .text.configRecalcConst
                0x08004c90       0x20 THUMB Debug/config.o
                0x08004c90                configRecalcConst
 .text.configSetParamByID
                0x08004cb0       0x28 THUMB Debug/config.o
                0x08004cb0                configSetParamByID
 .text.configGetId
                0x08004cd8       0x34 THUMB Debug/config.o
                0x08004cd8                configGetId
 .text.configLoadDefault
                0x08004d0c      0x17c THUMB Debug/config.o
                0x08004d0c                configLoadDefault
 .text.configWriteFlash
                0x08004e88       0xb8 THUMB Debug/config.o
                0x08004e88                configWriteFlash
 .text.configReadFlash
                0x08004f40       0x24 THUMB Debug/config.o
                0x08004f40                configReadFlash
 .text.configInit
                0x08004f64       0x4c THUMB Debug/config.o
                0x08004f64                configInit
 .text.binaryGetChar
                0x08004fb0       0x2c THUMB Debug/binary.o
                0x08004fb0                binaryGetChar
 .text.binarySendChar
                0x08004fdc       0x28 THUMB Debug/binary.o
                0x08004fdc                binarySendChar
 .text.binarySendFloat
                0x08005004       0x20 THUMB Debug/binary.o
                0x08005004                binarySendFloat
 .text.binarySendShort
                0x08005024       0x1c THUMB Debug/binary.o
                0x08005024                binarySendShort
 .text.binaryProcessAck
                0x08005040       0x98 THUMB Debug/binary.o
                0x08005040                binaryProcessAck
 .text.binaryTelemSend
                0x080050d8       0x90 THUMB Debug/binary.o
                0x080050d8                binaryTelemSend
 .text.binaryAck
                0x08005168       0x1c THUMB Debug/binary.o
                0x08005168                binaryAck
 .text.binaryNack
                0x08005184       0x1c THUMB Debug/binary.o
                0x08005184                binaryNack
 .text.binaryCommandParse
                0x080051a0      0x370 THUMB Debug/binary.o
                0x080051a0                binaryCommandParse
 .text.binaryCommandRead
                0x08005510       0xe0 THUMB Debug/binary.o
                0x08005510                binaryCommandRead
 .text.binaryCheck
                0x080055f0      0x244 THUMB Debug/binary.o
                0x080055f0                binaryCheck
 .text.owCRC    0x08005834       0x30 THUMB Debug/ow.o
                0x08005834                owCRC
 .text.owInit   0x08005864       0x60 THUMB Debug/ow.o
                0x08005864                owInit
 .text.owPullLow
                0x080058c4       0x20 THUMB Debug/ow.o
                0x080058c4                owPullLow
 .text.owRelease
                0x080058e4       0x20 THUMB Debug/ow.o
                0x080058e4                owRelease
 .text.owTimeoutIsr
                0x08005904       0x30 THUMB Debug/ow.o
                0x08005904                owTimeoutIsr
 .text.owTimeout
                0x08005934       0x1c THUMB Debug/ow.o
                0x08005934                owTimeout
 .text.owReadBytes
                0x08005950       0x30 THUMB Debug/ow.o
                0x08005950                owReadBytes
 .text.owResetIsr
                0x08005980       0x98 THUMB Debug/ow.o
                0x08005980                owResetIsr
 .text.owReset  0x08005a18       0x1c THUMB Debug/ow.o
                0x08005a18                owReset
 .text.owWriteBytes
                0x08005a34       0x3c THUMB Debug/ow.o
                0x08005a34                owWriteBytes
 .text.owReadComplete
                0x08005a70      0x390 THUMB Debug/ow.o
                0x08005a70                owReadComplete
 .text.owWriteComplete
                0x08005e00       0x10 THUMB Debug/ow.o
                0x08005e00                owWriteComplete
 .text.owByteReceived
                0x08005e10       0x48 THUMB Debug/ow.o
                0x08005e10                owByteReceived
 .text.owReadBitIsr
                0x08005e58       0x4c THUMB Debug/ow.o
                0x08005e58                owReadBitIsr
 .text.owByteSent
                0x08005ea4       0x40 THUMB Debug/ow.o
                0x08005ea4                owByteSent
 .text.owWriteBitIsr
                0x08005ee4       0x84 THUMB Debug/ow.o
                0x08005ee4                owWriteBitIsr
 .text.owEdgeDetect
                0x08005f68       0x4c THUMB Debug/ow.o
                0x08005f68                owEdgeDetect
 .text.canSend  0x08005fb4       0xd8 THUMB Debug/can.o
 .text.canNack  0x0800608c       0x1c THUMB Debug/can.o
 .text.canAck   0x080060a8       0x1c THUMB Debug/can.o
 .text.canSendStatus
                0x080060c4       0xfc THUMB Debug/can.o
                0x080060c4                canSendStatus
 .text.canTelemDo
                0x080061c0       0x24 THUMB Debug/can.o
                0x080061c0                canTelemDo
 .text.canProcess
                0x080061e4      0x8d0 THUMB Debug/can.o
                0x080061e4                canProcess
 .text.canInit  0x08006ab4      0x1bc THUMB Debug/can.o
                0x08006ab4                canInit
 .text.USB_LP_CAN1_RX0_IRQHandler
                0x08006c70        0x4 THUMB Debug/can.o
                0x08006c70                USB_LP_CAN1_RX0_IRQHandler
 .text.canSetConstants
                0x08006c74        0x4 THUMB Debug/can.o
                0x08006c74                canSetConstants
 .text.CAN1_RX1_IRQHandler
                0x08006c78        0x4 THUMB Debug/can.o
                0x08006c78                CAN1_RX1_IRQHandler
 .text.USB_HP_CAN1_TX_IRQHandler
                0x08006c7c        0x4 THUMB Debug/can.o
                0x08006c7c                USB_HP_CAN1_TX_IRQHandler
 .text.XXH32    0x08006c80      0x4f4 THUMB Debug/xxhash.o
                0x08006c80                XXH32
 .text.getBuildNumber
                0x08007174        0x8 THUMB Debug/getbuildnum.o
                0x08007174                getBuildNumber
 .text.GPIO_Init
                0x0800717c      0x184 THUMB Debug/stm32f10x_gpio.o
                0x0800717c                GPIO_Init
 .text.GPIO_PinRemapConfig
                0x08007300      0x2a4 THUMB Debug/stm32f10x_gpio.o
                0x08007300                GPIO_PinRemapConfig
 .text.RCC_HSICmd
                0x080075a4       0x24 THUMB Debug/stm32f10x_rcc.o
                0x080075a4                RCC_HSICmd
 .text.RCC_ADCCLKConfig
                0x080075c8       0x3c THUMB Debug/stm32f10x_rcc.o
                0x080075c8                RCC_ADCCLKConfig
 .text.RCC_GetClocksFreq
                0x08007604       0xe8 THUMB Debug/stm32f10x_rcc.o
                0x08007604                RCC_GetClocksFreq
 .text.RCC_AHBPeriphClockCmd
                0x080076ec       0x5c THUMB Debug/stm32f10x_rcc.o
                0x080076ec                RCC_AHBPeriphClockCmd
 .text.RCC_APB2PeriphClockCmd
                0x08007748       0x5c THUMB Debug/stm32f10x_rcc.o
                0x08007748                RCC_APB2PeriphClockCmd
 .text.RCC_APB1PeriphClockCmd
                0x080077a4       0x5c THUMB Debug/stm32f10x_rcc.o
                0x080077a4                RCC_APB1PeriphClockCmd
 .text.RCC_APB1PeriphResetCmd
                0x08007800       0x5c THUMB Debug/stm32f10x_rcc.o
                0x08007800                RCC_APB1PeriphResetCmd
 .text.RCC_GetFlagStatus
                0x0800785c       0x78 THUMB Debug/stm32f10x_rcc.o
                0x0800785c                RCC_GetFlagStatus
 .text.RCC_ClearFlag
                0x080078d4       0x14 THUMB Debug/stm32f10x_rcc.o
                0x080078d4                RCC_ClearFlag
 .text.SystemInit
                0x080078e8      0x130 THUMB Debug/system_stm32f10x.o
                0x080078e8                SystemInit
 .text.TI1_Config
                0x08007a18       0x90 THUMB Debug/stm32f10x_tim.o
 .text.TI2_Config
                0x08007aa8       0x94 THUMB Debug/stm32f10x_tim.o
 .text.TIM_TimeBaseInit
                0x08007b3c      0x1f0 THUMB Debug/stm32f10x_tim.o
                0x08007b3c                TIM_TimeBaseInit
 .text.TIM_OC1Init
                0x08007d2c      0x234 THUMB Debug/stm32f10x_tim.o
                0x08007d2c                TIM_OC1Init
 .text.TIM_OC2Init
                0x08007f60      0x1d8 THUMB Debug/stm32f10x_tim.o
                0x08007f60                TIM_OC2Init
 .text.TIM_OC3Init
                0x08008138      0x1b0 THUMB Debug/stm32f10x_tim.o
                0x08008138                TIM_OC3Init
 .text.TIM_OC4Init
                0x080082e8      0x14c THUMB Debug/stm32f10x_tim.o
                0x080082e8                TIM_OC4Init
 .text.TIM_TimeBaseStructInit
                0x08008434       0x14 THUMB Debug/stm32f10x_tim.o
                0x08008434                TIM_TimeBaseStructInit
 .text.TIM_OCStructInit
                0x08008448       0x18 THUMB Debug/stm32f10x_tim.o
                0x08008448                TIM_OCStructInit
 .text.TIM_Cmd  0x08008460      0x110 THUMB Debug/stm32f10x_tim.o
                0x08008460                TIM_Cmd
 .text.TIM_SelectInputTrigger
                0x08008570       0xc0 THUMB Debug/stm32f10x_tim.o
                0x08008570                TIM_SelectInputTrigger
 .text.TIM_ARRPreloadConfig
                0x08008630      0x110 THUMB Debug/stm32f10x_tim.o
                0x08008630                TIM_ARRPreloadConfig
 .text.TIM_OC1PreloadConfig
                0x08008740       0xf0 THUMB Debug/stm32f10x_tim.o
                0x08008740                TIM_OC1PreloadConfig
 .text.TIM_OC2PreloadConfig
                0x08008830       0xac THUMB Debug/stm32f10x_tim.o
                0x08008830                TIM_OC2PreloadConfig
 .text.TIM_OC3PreloadConfig
                0x080088dc       0x84 THUMB Debug/stm32f10x_tim.o
                0x080088dc                TIM_OC3PreloadConfig
 .text.TIM_OC4PreloadConfig
                0x08008960       0x88 THUMB Debug/stm32f10x_tim.o
                0x08008960                TIM_OC4PreloadConfig
 .text.TIM_SelectSlaveMode
                0x080089e8       0xb0 THUMB Debug/stm32f10x_tim.o
                0x080089e8                TIM_SelectSlaveMode
 .text.TIM_SelectMasterSlaveMode
                0x08008a98       0xac THUMB Debug/stm32f10x_tim.o
                0x08008a98                TIM_SelectMasterSlaveMode
 .text.TIM_SetIC1Prescaler
                0x08008b44       0xfc THUMB Debug/stm32f10x_tim.o
                0x08008b44                TIM_SetIC1Prescaler
 .text.TIM_SetIC2Prescaler
                0x08008c40       0xb8 THUMB Debug/stm32f10x_tim.o
                0x08008c40                TIM_SetIC2Prescaler
 .text.TIM_PWMIConfig
                0x08008cf8       0xe0 THUMB Debug/stm32f10x_tim.o
                0x08008cf8                TIM_PWMIConfig
 .text.TIM_GetITStatus
                0x08008dd8      0x128 THUMB Debug/stm32f10x_tim.o
                0x08008dd8                TIM_GetITStatus
 .text.TIM_ClearITPendingBit
                0x08008f00      0x100 THUMB Debug/stm32f10x_tim.o
                0x08008f00                TIM_ClearITPendingBit
 .text.DBGMCU_Config
                0x08009000       0x5c THUMB Debug/stm32f10x_dbgmcu.o
                0x08009000                DBGMCU_Config
 .text.ADC_Init
                0x0800905c      0x16c THUMB Debug/stm32f10x_adc.o
                0x0800905c                ADC_Init
 .text.ADC_Cmd  0x080091c8       0x64 THUMB Debug/stm32f10x_adc.o
                0x080091c8                ADC_Cmd
 .text.ADC_DMACmd
                0x0800922c       0x58 THUMB Debug/stm32f10x_adc.o
                0x0800922c                ADC_DMACmd
 .text.ADC_ResetCalibration
                0x08009284       0x44 THUMB Debug/stm32f10x_adc.o
                0x08009284                ADC_ResetCalibration
 .text.ADC_GetResetCalibrationStatus
                0x080092c8       0x40 THUMB Debug/stm32f10x_adc.o
                0x080092c8                ADC_GetResetCalibrationStatus
 .text.ADC_StartCalibration
                0x08009308       0x44 THUMB Debug/stm32f10x_adc.o
                0x08009308                ADC_StartCalibration
 .text.ADC_GetCalibrationStatus
                0x0800934c       0x40 THUMB Debug/stm32f10x_adc.o
                0x0800934c                ADC_GetCalibrationStatus
 .text.ADC_SoftwareStartConvCmd
                0x0800938c       0x64 THUMB Debug/stm32f10x_adc.o
                0x0800938c                ADC_SoftwareStartConvCmd
 .text.ADC_RegularChannelConfig
                0x080093f0      0x130 THUMB Debug/stm32f10x_adc.o
                0x080093f0                ADC_RegularChannelConfig
 .text.ADC_ExternalTrigConvCmd
                0x08009520       0x64 THUMB Debug/stm32f10x_adc.o
                0x08009520                ADC_ExternalTrigConvCmd
 .text.ADC_ExternalTrigInjectedConvConfig
                0x08009584       0x84 THUMB Debug/stm32f10x_adc.o
                0x08009584                ADC_ExternalTrigInjectedConvConfig
 .text.ADC_ExternalTrigInjectedConvCmd
                0x08009608       0x64 THUMB Debug/stm32f10x_adc.o
                0x08009608                ADC_ExternalTrigInjectedConvCmd
 .text.ADC_InjectedChannelConfig
                0x0800966c       0xec THUMB Debug/stm32f10x_adc.o
                0x0800966c                ADC_InjectedChannelConfig
 .text.ADC_InjectedSequencerLengthConfig
                0x08009758       0x68 THUMB Debug/stm32f10x_adc.o
                0x08009758                ADC_InjectedSequencerLengthConfig
 .text.DMA_DeInit
                0x080097c0      0x254 THUMB Debug/stm32f10x_dma.o
                0x080097c0                DMA_DeInit
 .text.DMA_Init
                0x08009a14      0x1e0 THUMB Debug/stm32f10x_dma.o
                0x08009a14                DMA_Init
 .text.DMA_Cmd  0x08009bf4       0xd4 THUMB Debug/stm32f10x_dma.o
                0x08009bf4                DMA_Cmd
 .text.DMA_ITConfig
                0x08009cc8       0xe8 THUMB Debug/stm32f10x_dma.o
                0x08009cc8                DMA_ITConfig
 .text.DMA_GetCurrDataCounter
                0x08009db0       0xac THUMB Debug/stm32f10x_dma.o
                0x08009db0                DMA_GetCurrDataCounter
 .text.DMA_ClearITPendingBit
                0x08009e5c       0x3c THUMB Debug/stm32f10x_dma.o
                0x08009e5c                DMA_ClearITPendingBit
 .text.NVIC_Init
                0x08009e98       0xc8 THUMB Debug/misc.o
                0x08009e98                NVIC_Init
 .text.USART_Init
                0x08009f60      0x240 THUMB Debug/stm32f10x_usart.o
                0x08009f60                USART_Init
 .text.USART_Cmd
                0x0800a1a0       0x88 THUMB Debug/stm32f10x_usart.o
                0x0800a1a0                USART_Cmd
 .text.USART_DMACmd
                0x0800a228       0x9c THUMB Debug/stm32f10x_usart.o
                0x0800a228                USART_DMACmd
 .text.EXTI_Init
                0x0800a2c4       0xf8 THUMB Debug/stm32f10x_exti.o
                0x0800a2c4                EXTI_Init
 .text.EXTI_GetITStatus
                0x0800a3bc       0x9c THUMB Debug/stm32f10x_exti.o
                0x0800a3bc                EXTI_GetITStatus
 .text.EXTI_ClearITPendingBit
                0x0800a458       0x28 THUMB Debug/stm32f10x_exti.o
                0x0800a458                EXTI_ClearITPendingBit
 .text.PWR_PVDCmd
                0x0800a480       0x24 THUMB Debug/stm32f10x_pwr.o
                0x0800a480                PWR_PVDCmd
 .text.PWR_PVDLevelConfig
                0x0800a4a4       0x48 THUMB Debug/stm32f10x_pwr.o
                0x0800a4a4                PWR_PVDLevelConfig
 .text.FLASH_Unlock
                0x0800a4ec       0x20 THUMB Debug/stm32f10x_flash.o
                0x0800a4ec                FLASH_Unlock
 .text.FLASH_Lock
                0x0800a50c       0x14 THUMB Debug/stm32f10x_flash.o
                0x0800a50c                FLASH_Lock
 .text.FLASH_ClearFlag
                0x0800a520       0x28 THUMB Debug/stm32f10x_flash.o
                0x0800a520                FLASH_ClearFlag
 .text.FLASH_GetBank1Status
                0x0800a548       0x44 THUMB Debug/stm32f10x_flash.o
                0x0800a548                FLASH_GetBank1Status
 .text.FLASH_WaitForLastOperation
                0x0800a58c       0x34 THUMB Debug/stm32f10x_flash.o
                0x0800a58c                FLASH_WaitForLastOperation
 .text.FLASH_ProgramWord
                0x0800a5c0       0x9c THUMB Debug/stm32f10x_flash.o
                0x0800a5c0                FLASH_ProgramWord
 .text.FLASH_ErasePage
                0x0800a65c       0x60 THUMB Debug/stm32f10x_flash.o
                0x0800a65c                FLASH_ErasePage
 .text.CAN_DeInit
                0x0800a6bc       0x64 THUMB Debug/stm32f10x_can.o
                0x0800a6bc                CAN_DeInit
 .text.CAN_Init
                0x0800a720      0x21c THUMB Debug/stm32f10x_can.o
                0x0800a720                CAN_Init
 .text.CAN_FilterInit
                0x0800a93c      0x19c THUMB Debug/stm32f10x_can.o
                0x0800a93c                CAN_FilterInit
 .text.CAN_StructInit
                0x0800aad8       0x28 THUMB Debug/stm32f10x_can.o
                0x0800aad8                CAN_StructInit
 .text.CAN_Receive
                0x0800ab00      0x100 THUMB Debug/stm32f10x_can.o
                0x0800ab00                CAN_Receive
 .text.CAN_MessagePending
                0x0800ac00       0x5c THUMB Debug/stm32f10x_can.o
                0x0800ac00                CAN_MessagePending
 .text.libc.__int32_to_float32
                0x0800ac5c       0x30 C:/Program Files (x86)/Rowley Associates Limited/CrossWorks for ARM 2.3/lib/libm_v7m_t_le.a(libm_asm.o)
                0x0800ac5c                __int32_to_float32
                0x0800ac5c                __floatsisf
                0x0800ac5c                __aeabi_i2f
                0x0800ac6c                __int32_to_float32_common
 .text.libc.__int32_to_float64
                0x0800ac8c       0x30 C:/Program Files (x86)/Rowley Associates Limited/CrossWorks for ARM 2.3/lib/libm_v7m_t_le.a(libm_asm.o)
                0x0800ac8c                __aeabi_i2d
                0x0800ac8c                __int32_to_float64
                0x0800ac8c                __floatsidf
 .text.libc.__uint32_to_float32
                0x0800acbc       0x10 C:/Program Files (x86)/Rowley Associates Limited/CrossWorks for ARM 2.3/lib/libm_v7m_t_le.a(libm_asm.o)
                0x0800acbc                __aeabi_ui2f
                0x0800acbc                __floatunsisf
                0x0800acbc                __uint32_to_float32
 .text.libc.__int64_to_float64
                0x0800accc       0xa0 C:/Program Files (x86)/Rowley Associates Limited/CrossWorks for ARM 2.3/lib/libm_v7m_t_le.a(libm_asm.o)
                0x0800accc                __int64_to_float64
                0x0800accc                __aeabi_l2d
                0x0800accc                __floatdidf
                0x0800acee                __RAL_aeabi_l2d_common
 .text.libc.__uint64_to_float64
                0x0800ad6c       0x14 C:/Program Files (x86)/Rowley Associates Limited/CrossWorks for ARM 2.3/lib/libm_v7m_t_le.a(libm_asm.o)
                0x0800ad6c                __aeabi_ul2d
                0x0800ad6c                __floatundidf
                0x0800ad6c                __uint64_to_float64
 .text.libc.__float32_to_int32
                0x0800ad80       0x40 C:/Program Files (x86)/Rowley Associates Limited/CrossWorks for ARM 2.3/lib/libm_v7m_t_le.a(libm_asm.o)
                0x0800ad80                __float32_to_int32
                0x0800ad80                __aeabi_f2iz
                0x0800ad80                __fixsfsi
 .text.libc.__float32_to_uint32
                0x0800adc0       0x24 C:/Program Files (x86)/Rowley Associates Limited/CrossWorks for ARM 2.3/lib/libm_v7m_t_le.a(libm_asm.o)
                0x0800adc0                __aeabi_f2uiz
                0x0800adc0                __fixunssfsi
                0x0800adc0                __float32_to_uint32
 .text.libc.__float64_to_uint64
                0x0800ade4       0x48 C:/Program Files (x86)/Rowley Associates Limited/CrossWorks for ARM 2.3/lib/libm_v7m_t_le.a(libm_asm.o)
                0x0800ade4                __fixunsdfdi
                0x0800ade4                __float64_to_uint64
                0x0800ade4                __aeabi_d2ulz
 .text.libc.__float32_to_float64
                0x0800ae2c       0x38 C:/Program Files (x86)/Rowley Associates Limited/CrossWorks for ARM 2.3/lib/libm_v7m_t_le.a(libm_asm.o)
                0x0800ae2c                __float32_to_float64
                0x0800ae2c                __aeabi_f2d
                0x0800ae2c                __extendsfdf2
 .text.libc.__float64_to_float32
                0x0800ae64       0x70 C:/Program Files (x86)/Rowley Associates Limited/CrossWorks for ARM 2.3/lib/libm_v7m_t_le.a(libm_asm.o)
                0x0800ae64                __truncdfsf2
                0x0800ae64                __float64_to_float32
                0x0800ae64                __aeabi_d2f
 .text.libc.__float32_add
                0x0800aed4      0x138 C:/Program Files (x86)/Rowley Associates Limited/CrossWorks for ARM 2.3/lib/libm_v7m_t_le.a(libm_asm.o)
                0x0800aed4                __aeabi_frsub
                0x0800aedc                __subsf3
                0x0800aedc                __aeabi_fsub
                0x0800aedc                __float32_sub
                0x0800aee0                __addsf3
                0x0800aee0                __float32_add
                0x0800aee0                __aeabi_fadd
 .text.libc.__float32_mul
                0x0800b00c       0xd4 C:/Program Files (x86)/Rowley Associates Limited/CrossWorks for ARM 2.3/lib/libm_v7m_t_le.a(libm_asm.o)
                0x0800b00c                __mulsf3
                0x0800b00c                __aeabi_fmul
                0x0800b00c                __float32_mul
 .text.libc.__float32_div
                0x0800b0e0      0x1e0 C:/Program Files (x86)/Rowley Associates Limited/CrossWorks for ARM 2.3/lib/libm_v7m_t_le.a(libm_asm.o)
                0x0800b0e0                __aeabi_fdiv
                0x0800b0e0                __float32_div
                0x0800b0e0                __divsf3
 .text.libc.__float32_cmp
                0x0800b2c0       0x44 C:/Program Files (x86)/Rowley Associates Limited/CrossWorks for ARM 2.3/lib/libm_v7m_t_le.a(libm_asm.o)
                0x0800b2c0                __nesf2
                0x0800b2c0                __gtsf2
                0x0800b2c0                __eqsf2
                0x0800b2c0                __cmpsf2
                0x0800b2c0                __ltsf2
                0x0800b2c0                __gesf2
                0x0800b2c0                __lesf2
 .text.libc.__float64_add
                0x0800b304      0x294 C:/Program Files (x86)/Rowley Associates Limited/CrossWorks for ARM 2.3/lib/libm_v7m_t_le.a(libm_asm.o)
                0x0800b304                __aeabi_drsub
                0x0800b30c                __aeabi_dsub
                0x0800b30c                __float64_sub
                0x0800b30c                __subdf3
                0x0800b310                __aeabi_dadd
                0x0800b310                __float64_add
                0x0800b310                __adddf3
 .text.libc.__float64_mul
                0x0800b598      0x16c C:/Program Files (x86)/Rowley Associates Limited/CrossWorks for ARM 2.3/lib/libm_v7m_t_le.a(libm_asm.o)
                0x0800b598                __float64_mul
                0x0800b598                __muldf3
                0x0800b598                __aeabi_dmul
 .text.libc.__float64_div
                0x0800b704      0x214 C:/Program Files (x86)/Rowley Associates Limited/CrossWorks for ARM 2.3/lib/libm_v7m_t_le.a(libm_asm.o)
                0x0800b704                __divdf3
                0x0800b704                __float64_div
                0x0800b704                __aeabi_ddiv
 .text.libc.__float64_cmp
                0x0800b918       0x64 C:/Program Files (x86)/Rowley Associates Limited/CrossWorks for ARM 2.3/lib/libm_v7m_t_le.a(libm_asm.o)
                0x0800b918                __eqdf2
                0x0800b918                __gtdf2
                0x0800b918                __ltdf2
                0x0800b918                __ledf2
                0x0800b918                __nedf2
                0x0800b918                __gedf2
                0x0800b918                __cmpdf2
 .text.libc.__float32_isinf
                0x0800b97c       0x10 C:/Program Files (x86)/Rowley Associates Limited/CrossWorks for ARM 2.3/lib/libm_v7m_t_le.a(libm_asm.o)
                0x0800b97c                __float32_isinf
 .text.libc.__float64_isinf
                0x0800b98c       0x10 C:/Program Files (x86)/Rowley Associates Limited/CrossWorks for ARM 2.3/lib/libm_v7m_t_le.a(libm_asm.o)
                0x0800b98c                __float64_isinf
 .text.libc.__float32_isnan
                0x0800b99c       0x10 C:/Program Files (x86)/Rowley Associates Limited/CrossWorks for ARM 2.3/lib/libm_v7m_t_le.a(libm_asm.o)
                0x0800b99c                __float32_isnan
 .text.libc.__float64_isnan
                0x0800b9ac       0x10 C:/Program Files (x86)/Rowley Associates Limited/CrossWorks for ARM 2.3/lib/libm_v7m_t_le.a(libm_asm.o)
                0x0800b9ac                __float64_isnan
 .text.libc.sqrtf.part.6
                0x0800b9bc       0x84 C:/Program Files (x86)/Rowley Associates Limited/CrossWorks for ARM 2.3/lib/libm_v7m_t_le.a(libm2.o)
 .text.libc.__sincosf
                0x0800ba40      0x140 C:/Program Files (x86)/Rowley Associates Limited/CrossWorks for ARM 2.3/lib/libm_v7m_t_le.a(libm2.o)
                0x0800ba40                __sincosf
 .text.libc.frexp
                0x0800bb80       0x48 C:/Program Files (x86)/Rowley Associates Limited/CrossWorks for ARM 2.3/lib/libm_v7m_t_le.a(libm2.o)
                0x0800bb80                frexp
 .text.libc.ldexp
                0x0800bbc8       0x64 C:/Program Files (x86)/Rowley Associates Limited/CrossWorks for ARM 2.3/lib/libm_v7m_t_le.a(libm2.o)
                0x0800bbc8                ldexp
 .text.libc.sinf
                0x0800bc2c       0x34 C:/Program Files (x86)/Rowley Associates Limited/CrossWorks for ARM 2.3/lib/libm_v7m_t_le.a(libm2.o)
                0x0800bc2c                sinf
 .text.libc.sqrtf
                0x0800bc60       0x3c C:/Program Files (x86)/Rowley Associates Limited/CrossWorks for ARM 2.3/lib/libm_v7m_t_le.a(libm2.o)
                0x0800bc60                sqrtf
 .text.libc.fabsf
                0x0800bc9c        0x8 C:/Program Files (x86)/Rowley Associates Limited/CrossWorks for ARM 2.3/lib/libm_v7m_t_le.a(libm2_asm.o)
                0x0800bc9c                fabsf
 .text.libc.ldexpf
                0x0800bca4       0x38 C:/Program Files (x86)/Rowley Associates Limited/CrossWorks for ARM 2.3/lib/libm_v7m_t_le.a(libm2_asm.o)
                0x0800bca4                ldexpf
 .text.libc.frexpf
                0x0800bcdc       0x2c C:/Program Files (x86)/Rowley Associates Limited/CrossWorks for ARM 2.3/lib/libm_v7m_t_le.a(libm2_asm.o)
                0x0800bcdc                frexpf
 .text.libc.__getc
                0x0800bd08       0x28 C:/Program Files (x86)/Rowley Associates Limited/CrossWorks for ARM 2.3/lib/libc_v7m_t_le.a(libc2.o)
                0x0800bd08                __getc
 .text.libc.__RAL_pow10
                0x0800bd30       0x74 C:/Program Files (x86)/Rowley Associates Limited/CrossWorks for ARM 2.3/lib/libc_v7m_t_le.a(libc2.o)
                0x0800bd30                __RAL_pow10
 .text.libc.__putc
                0x0800bda4       0x38 C:/Program Files (x86)/Rowley Associates Limited/CrossWorks for ARM 2.3/lib/libc_v7m_t_le.a(libc2.o)
                0x0800bda4                __putc
 .text.libc.__print_padding
                0x0800bddc       0x24 C:/Program Files (x86)/Rowley Associates Limited/CrossWorks for ARM 2.3/lib/libc_v7m_t_le.a(libc2.o)
                0x0800bddc                __print_padding
 .text.libc.__pre_padding
                0x0800be00       0x1c C:/Program Files (x86)/Rowley Associates Limited/CrossWorks for ARM 2.3/lib/libc_v7m_t_le.a(libc2.o)
                0x0800be00                __pre_padding
 .text.libc.abs
                0x0800be1c        0x8 C:/Program Files (x86)/Rowley Associates Limited/CrossWorks for ARM 2.3/lib/libc_v7m_t_le.a(libc2.o)
                0x0800be1c                abs
 .text.libc.bsearch
                0x0800be24       0x64 C:/Program Files (x86)/Rowley Associates Limited/CrossWorks for ARM 2.3/lib/libc_v7m_t_le.a(libc2.o)
                0x0800be24                bsearch
 .text.libc.isupper
                0x0800be88       0x10 C:/Program Files (x86)/Rowley Associates Limited/CrossWorks for ARM 2.3/lib/libc_v7m_t_le.a(libc2.o)
                0x0800be88                isupper
 .text.libc.islower
                0x0800be98       0x10 C:/Program Files (x86)/Rowley Associates Limited/CrossWorks for ARM 2.3/lib/libc_v7m_t_le.a(libc2.o)
                0x0800be98                islower
 .text.libc.isdigit
                0x0800bea8       0x10 C:/Program Files (x86)/Rowley Associates Limited/CrossWorks for ARM 2.3/lib/libc_v7m_t_le.a(libc2.o)
                0x0800bea8                isdigit
 .text.libc.__digit
                0x0800beb8       0x3c C:/Program Files (x86)/Rowley Associates Limited/CrossWorks for ARM 2.3/lib/libc_v7m_t_le.a(libc2.o)
                0x0800beb8                __digit
 .text.libc.isspace
                0x0800bef4       0x18 C:/Program Files (x86)/Rowley Associates Limited/CrossWorks for ARM 2.3/lib/libc_v7m_t_le.a(libc2.o)
                0x0800bef4                isspace
 .text.libc.tolower
                0x0800bf0c       0x10 C:/Program Files (x86)/Rowley Associates Limited/CrossWorks for ARM 2.3/lib/libc_v7m_t_le.a(libc2.o)
                0x0800bf0c                tolower
 .text.libc.malloc
                0x0800bf1c       0x90 C:/Program Files (x86)/Rowley Associates Limited/CrossWorks for ARM 2.3/lib/libc_v7m_t_le.a(libc2.o)
                0x0800bf1c                malloc
 .text.libc.calloc
                0x0800bfac       0x20 C:/Program Files (x86)/Rowley Associates Limited/CrossWorks for ARM 2.3/lib/libc_v7m_t_le.a(libc2.o)
                0x0800bfac                calloc
 .text.libc.memcmp
                0x0800bfcc       0x54 C:/Program Files (x86)/Rowley Associates Limited/CrossWorks for ARM 2.3/lib/libc_v7m_t_le.a(libc2.o)
                0x0800bfcc                memcmp
 .text.libc.sprintf
                0x0800c020       0x2c C:/Program Files (x86)/Rowley Associates Limited/CrossWorks for ARM 2.3/lib/libc_v7m_t_le.a(libc2.o)
                0x0800c020                sprintf
 .text.libc.sscanf
                0x0800c04c       0x28 C:/Program Files (x86)/Rowley Associates Limited/CrossWorks for ARM 2.3/lib/libc_v7m_t_le.a(libc2.o)
                0x0800c04c                sscanf
 .text.libc.strcasecmp
                0x0800c074       0x24 C:/Program Files (x86)/Rowley Associates Limited/CrossWorks for ARM 2.3/lib/libc_v7m_t_le.a(libc2.o)
                0x0800c074                strcasecmp
 .text.libc.strncasecmp
                0x0800c098       0x5c C:/Program Files (x86)/Rowley Associates Limited/CrossWorks for ARM 2.3/lib/libc_v7m_t_le.a(libc2.o)
                0x0800c098                strncasecmp
 .text.libc.memcpy
                0x0800c0f4       0x3c C:/Program Files (x86)/Rowley Associates Limited/CrossWorks for ARM 2.3/lib/libc_v7m_t_le.a(libc2_asm.o)
                0x0800c0f4                __aeabi_memcpy
                0x0800c0f4                __aeabi_memcpy4
                0x0800c0f4                __aeabi_memcpy8
                0x0800c0f4                memcpy
 .text.libc.memset
                0x0800c130       0x60 C:/Program Files (x86)/Rowley Associates Limited/CrossWorks for ARM 2.3/lib/libc_v7m_t_le.a(libc2_asm.o)
                0x0800c130                memset
 .text.libc.strlen
                0x0800c190       0x60 C:/Program Files (x86)/Rowley Associates Limited/CrossWorks for ARM 2.3/lib/libc_v7m_t_le.a(libc2_asm.o)
                0x0800c190                strlen
 .text.libc.__vfprintf_double_long_long
                0x0800c1f0     0x1088 C:/Program Files (x86)/Rowley Associates Limited/CrossWorks for ARM 2.3/lib/libc_v7m_t_le.a(__vfprintf_double_long_long.o)
                0x0800c1f0                __vfprintf_double_long_long
 .text.libc.__ungetc
                0x0800d278       0x20 C:/Program Files (x86)/Rowley Associates Limited/CrossWorks for ARM 2.3/lib/libc_v7m_t_le.a(__vfscanf_double_long_long.o)
 .text.libc.rd_int
                0x0800d298      0x188 C:/Program Files (x86)/Rowley Associates Limited/CrossWorks for ARM 2.3/lib/libc_v7m_t_le.a(__vfscanf_double_long_long.o)
 .text.libc.__vfscanf_double_long_long
                0x0800d420      0x6f8 C:/Program Files (x86)/Rowley Associates Limited/CrossWorks for ARM 2.3/lib/libc_v7m_t_le.a(__vfscanf_double_long_long.o)
                0x0800d420                __vfscanf_double_long_long
 .text.libc.__int64_umod
                0x0800db18        0xc C:/Program Files (x86)/Rowley Associates Limited/CrossWorks for ARM 2.3/lib/libc_v7m_t_le.a(libc_asm.o)
                0x0800db18                __umoddi3
                0x0800db18                __int64_umod
 .text.libc.__int64_udivmod
                0x0800db24       0x60 C:/Program Files (x86)/Rowley Associates Limited/CrossWorks for ARM 2.3/lib/libc_v7m_t_le.a(libc_asm.o)
                0x0800db24                __aeabi_uldivmod
                0x0800db24                __int64_udiv
                0x0800db24                __udivdi3
                0x0800db24                __int64_udivmod
 .text.libdebugio.__do_debug_operation_mempoll
                0x0800db84       0x38 C:/Program Files (x86)/Rowley Associates Limited/CrossWorks for ARM 2.3/lib/libdebugio_v7m_t_le.a(libdebugio.o)
                0x0800db84                __do_debug_operation_mempoll
 .text.libc.__errno
                0x0800dbbc        0xc C:/Program Files (x86)/Rowley Associates Limited/CrossWorks for ARM 2.3/lib/libc_user_libc_v7m_t_le.a(user_libc.o)
                0x0800dbbc                __errno
 .text.libc.__heap_lock
                0x0800dbc8        0x4 C:/Program Files (x86)/Rowley Associates Limited/CrossWorks for ARM 2.3/lib/libc_user_libc_v7m_t_le.a(user_libc.o)
                0x0800dbc8                __heap_lock
 .text.libc.__heap_unlock
                0x0800dbcc        0x4 C:/Program Files (x86)/Rowley Associates Limited/CrossWorks for ARM 2.3/lib/libc_user_libc_v7m_t_le.a(user_libc.o)
                0x0800dbcc                __heap_unlock
 .text.libc.__debug_io_lock
                0x0800dbd0        0x4 C:/Program Files (x86)/Rowley Associates Limited/CrossWorks for ARM 2.3/lib/libc_user_libc_v7m_t_le.a(user_libc.o)
                0x0800dbd0                __debug_io_lock
 .text.libc.__debug_io_unlock
                0x0800dbd4        0x4 C:/Program Files (x86)/Rowley Associates Limited/CrossWorks for ARM 2.3/lib/libc_user_libc_v7m_t_le.a(user_libc.o)
                0x0800dbd4                __debug_io_unlock
                0x0800dbd8                __text_end__ = (__text_start__ + SIZEOF (.text))
                0x0800dbd8                __text_load_end__ = __text_end__

.vfp11_veneer   0x00000000        0x0
 .vfp11_veneer  0x00000000        0x0 linker stubs

.v4_bx          0x00000000        0x0
 .v4_bx         0x00000000        0x0 linker stubs
                0x00000001                . = ASSERT (((__text_end__ >= __FLASH_segment_start__) && (__text_end__ <= __FLASH_segment_end__)), error: .text is too large to fit in FLASH memory segment)
                0x0800dbd8                __dtors_load_start__ = ALIGN (__text_end__, 0x4)

.dtors          0x0800dbd8        0x0
                0x0800dbd8                __dtors_start__ = .
 *(SORT(.dtors.*))
 *(.dtors)
 *(.fini_array .fini_array.*)
                0x0800dbd8                __dtors_end__ = (__dtors_start__ + SIZEOF (.dtors))
                0x0800dbd8                __dtors_load_end__ = __dtors_end__
                0x00000001                . = ASSERT (((__dtors_end__ >= __FLASH_segment_start__) && (__dtors_end__ <= __FLASH_segment_end__)), error: .dtors is too large to fit in FLASH memory segment)
                0x0800dbd8                __ctors_load_start__ = ALIGN (__dtors_end__, 0x4)

.ctors          0x0800dbd8        0x0
                0x0800dbd8                __ctors_start__ = .
 *(SORT(.ctors.*))
 *(.ctors)
 *(.init_array .init_array.*)
                0x0800dbd8                __ctors_end__ = (__ctors_start__ + SIZEOF (.ctors))
                0x0800dbd8                __ctors_load_end__ = __ctors_end__
                0x00000001                . = ASSERT (((__ctors_end__ >= __FLASH_segment_start__) && (__ctors_end__ <= __FLASH_segment_end__)), error: .ctors is too large to fit in FLASH memory segment)
                0x0800dbd8                __rodata_load_start__ = ALIGN (__ctors_end__, 0x4)

.rodata         0x0800dbd8     0x11b4
                0x0800dbd8                __rodata_start__ = .
 *(.rodata .rodata.* .gnu.linkonce.r.*)
 .rodata.cliCommandTable
                0x0800dbd8       0xe4 THUMB Debug/cli.o
                0x0800dbd8                cliCommandTable
 .rodata.cliClearEOS
                0x0800dcbc        0x4 THUMB Debug/cli.o
                0x0800dcbc                cliClearEOS
 .rodata.cliClear
                0x0800dcc0        0x8 THUMB Debug/cli.o
                0x0800dcc0                cliClear
 .rodata.str1.4
                0x0800dcc8      0x6b4 THUMB Debug/cli.o
                                0x6c0 (size before relaxing)
 .rodata.cliClearEOL
                0x0800e37c        0x4 THUMB Debug/cli.o
                0x0800e37c                cliClearEOL
 .rodata.cliHome
                0x0800e380        0x4 THUMB Debug/cli.o
                0x0800e380                cliHome
 .rodata.str1.4
                0x0800e384      0x322 THUMB Debug/config.o
                                0x340 (size before relaxing)
 *fill*         0x0800e6a6        0x2 00
 .rodata.str1.4
                0x0800e6a8        0x8 THUMB Debug/binary.o
 .rodata.str1.4
                0x00000000        0x8 THUMB Debug/can.o
 .rodata.one    0x0800e6b0        0x4 THUMB Debug/xxhash.o
 .rodata.str1.4
                0x0800e6b4       0x76 THUMB Debug/stm32f10x_gpio.o
                                 0x78 (size before relaxing)
 *fill*         0x0800e72a        0x2 00
 .rodata.str1.4
                0x0800e72c       0x75 THUMB Debug/stm32f10x_rcc.o
                                 0x78 (size before relaxing)
 *fill*         0x0800e7a1        0x3 00
 .rodata.str1.4
                0x0800e7a4       0x75 THUMB Debug/stm32f10x_tim.o
                                 0x78 (size before relaxing)
 *fill*         0x0800e819        0x3 00
 .rodata.str1.4
                0x0800e81c       0x78 THUMB Debug/stm32f10x_dbgmcu.o
 .rodata.str1.4
                0x0800e894       0x75 THUMB Debug/stm32f10x_adc.o
                                 0x78 (size before relaxing)
 *fill*         0x0800e909        0x3 00
 .rodata.str1.4
                0x0800e90c       0x75 THUMB Debug/stm32f10x_dma.o
                                 0x78 (size before relaxing)
 *fill*         0x0800e981        0x3 00
 .rodata.str1.4
                0x0800e984       0x6c THUMB Debug/misc.o
 .rodata.str1.4
                0x0800e9f0       0x77 THUMB Debug/stm32f10x_usart.o
                                 0x78 (size before relaxing)
 *fill*         0x0800ea67        0x1 00
 .rodata.str1.4
                0x0800ea68       0x76 THUMB Debug/stm32f10x_exti.o
                                 0x78 (size before relaxing)
 *fill*         0x0800eade        0x2 00
 .rodata.str1.4
                0x0800eae0       0x75 THUMB Debug/stm32f10x_pwr.o
                                 0x78 (size before relaxing)
 *fill*         0x0800eb55        0x3 00
 .rodata.str1.4
                0x0800eb58       0x77 THUMB Debug/stm32f10x_flash.o
                                 0x78 (size before relaxing)
 *fill*         0x0800ebcf        0x1 00
 .rodata.str1.4
                0x0800ebd0       0x75 THUMB Debug/stm32f10x_can.o
                                 0x78 (size before relaxing)
 *fill*         0x0800ec45        0x3 00
 .rodata.libc.__float32_infinity
                0x0800ec48        0x4 C:/Program Files (x86)/Rowley Associates Limited/CrossWorks for ARM 2.3/lib/libm_v7m_t_le.a(libm_asm.o)
                0x0800ec48                __float32_infinity
 .rodata.libc.__float64_infinity
                0x0800ec4c        0x8 C:/Program Files (x86)/Rowley Associates Limited/CrossWorks for ARM 2.3/lib/libm_v7m_t_le.a(libm_asm.o)
                0x0800ec4c                __float64_infinity
 .rodata.libc.__hex_lc
                0x0800ec54       0x10 C:/Program Files (x86)/Rowley Associates Limited/CrossWorks for ARM 2.3/lib/libc_v7m_t_le.a(libc2.o)
                0x0800ec54                __hex_lc
 .rodata.libc.power
                0x0800ec64       0x48 C:/Program Files (x86)/Rowley Associates Limited/CrossWorks for ARM 2.3/lib/libc_v7m_t_le.a(libc2.o)
 .rodata.libc.__hex_uc
                0x0800ecac       0x10 C:/Program Files (x86)/Rowley Associates Limited/CrossWorks for ARM 2.3/lib/libc_v7m_t_le.a(libc2.o)
                0x0800ecac                __hex_uc
 .rodata.libc.str1.4
                0x0800ecbc       0x30 C:/Program Files (x86)/Rowley Associates Limited/CrossWorks for ARM 2.3/lib/libc_v7m_t_le.a(__vfprintf_double_long_long.o)
                                 0x34 (size before relaxing)
 .rodata.libc.ipow10
                0x0800ecec       0xa0 C:/Program Files (x86)/Rowley Associates Limited/CrossWorks for ARM 2.3/lib/libc_v7m_t_le.a(__vfprintf_double_long_long.o)
                0x0800ed8c                __rodata_end__ = (__rodata_start__ + SIZEOF (.rodata))
                0x0800ed8c                __rodata_load_end__ = __rodata_end__
                0x00000001                . = ASSERT (((__rodata_end__ >= __FLASH_segment_start__) && (__rodata_end__ <= __FLASH_segment_end__)), error: .rodata is too large to fit in FLASH memory segment)
                0x0800ed8c                __ARM.exidx_load_start__ = ALIGN (__rodata_end__, 0x4)

.ARM.exidx      0x0800ed8c        0x0
                0x0800ed8c                __ARM.exidx_start__ = .
                0x0800ed8c                __exidx_start = __ARM.exidx_start__
 *(.ARM.exidx .ARM.exidx.*)
                0x0800ed8c                __ARM.exidx_end__ = (__ARM.exidx_start__ + SIZEOF (.ARM.exidx))
                0x0800ed8c                __exidx_end = __ARM.exidx_end__
                0x0800ed8c                __ARM.exidx_load_end__ = __ARM.exidx_end__
                0x00000001                . = ASSERT (((__ARM.exidx_end__ >= __FLASH_segment_start__) && (__ARM.exidx_end__ <= __FLASH_segment_end__)), error: .ARM.exidx is too large to fit in FLASH memory segment)
                0x0800ed8c                __fast_load_start__ = ALIGN (__ARM.exidx_end__, 0x4)

.fast           0x20000000        0x0 load address 0x0800ed8c
                0x20000000                __fast_start__ = .
 *(.fast .fast.*)
                0x20000000                __fast_end__ = (__fast_start__ + SIZEOF (.fast))
                0x0800ed8c                __fast_load_end__ = (__fast_load_start__ + SIZEOF (.fast))
                0x00000001                . = ASSERT (((__fast_load_end__ >= __FLASH_segment_start__) && (__fast_load_end__ <= __FLASH_segment_end__)), error: .fast is too large to fit in FLASH memory segment)

.fast_run       0x20000000        0x0
                0x20000000                __fast_run_start__ = .
                0x20000000                . = MAX ((__fast_run_start__ + SIZEOF (.fast)), .)
                0x20000000                __fast_run_end__ = (__fast_run_start__ + SIZEOF (.fast_run))
                0x20000000                __fast_run_load_end__ = __fast_run_end__
                0x00000001                . = ASSERT (((__fast_run_end__ >= __RAM_segment_start__) && (__fast_run_end__ <= __RAM_segment_end__)), error: .fast_run is too large to fit in RAM memory segment)
                0x0800ed8c                __data_load_start__ = ALIGN ((__fast_load_start__ + SIZEOF (.fast)), 0x4)

.data           0x20000000      0x294 load address 0x0800ed8c
                0x20000000                __data_start__ = .
 *(.data .data.* .gnu.linkonce.d.*)
 .data.CH       0x20000000       0x1c THUMB Debug/fet.o
                0x20000000                CH
 .data.CL       0x2000001c       0x1c THUMB Debug/fet.o
                0x2000001c                CL
 .data.BH       0x20000038       0x1c THUMB Debug/fet.o
                0x20000038                BH
 .data.AH       0x20000054       0x1c THUMB Debug/fet.o
                0x20000054                AH
 .data.AL       0x20000070       0x1c THUMB Debug/fet.o
                0x20000070                AL
 .data.BL       0x2000008c       0x1c THUMB Debug/fet.o
                0x2000008c                BL
 .data.cliRunModes
                0x200000a8       0x10 THUMB Debug/cli.o
                0x200000a8                cliRunModes
 .data.runError
                0x200000b8        0x4 THUMB Debug/cli.o
                0x200000b8                runError
 .data.cliInputModes
                0x200000bc       0x14 THUMB Debug/cli.o
                0x200000bc                cliInputModes
 .data.stopError
                0x200000d0        0x4 THUMB Debug/cli.o
                0x200000d0                stopError
 .data.cliStates
                0x200000d4       0x14 THUMB Debug/cli.o
                0x200000d4                cliStates
 .data.configParameterStrings
                0x200000e8       0xc8 THUMB Debug/config.o
                0x200000e8                configParameterStrings
 .data.configFormatStrings
                0x200001b0       0xc8 THUMB Debug/config.o
                0x200001b0                configFormatStrings
 .data.ADCPrescTable
                0x20000278        0x4 THUMB Debug/stm32f10x_rcc.o
 .data.APBAHBPrescTable
                0x2000027c       0x10 THUMB Debug/stm32f10x_rcc.o
 .data.SystemCoreClock
                0x2000028c        0x4 THUMB Debug/system_stm32f10x.o
                0x2000028c                SystemCoreClock
 .data.libc.heap
                0x20000290        0x4 C:/Program Files (x86)/Rowley Associates Limited/CrossWorks for ARM 2.3/lib/libc_v7m_t_le.a(libc2.o)
                0x20000294                __data_end__ = (__data_start__ + SIZEOF (.data))
                0x0800f020                __data_load_end__ = (__data_load_start__ + SIZEOF (.data))
                0x00000001                . = ASSERT (((__data_load_end__ >= __FLASH_segment_start__) && (__data_load_end__ <= __FLASH_segment_end__)), error: .data is too large to fit in FLASH memory segment)

.data_run       0x20000000      0x294 load address 0x0800ed8c
                0x20000000                __data_run_start__ = .
                0x20000294                . = MAX ((__data_run_start__ + SIZEOF (.data)), .)
 *fill*         0x20000000      0x294 00
                0x20000294                __data_run_end__ = (__data_run_start__ + SIZEOF (.data_run))
                0x20000294                __data_run_load_end__ = __data_run_end__
                0x00000001                . = ASSERT (((__data_run_end__ >= __RAM_segment_start__) && (__data_run_end__ <= __RAM_segment_end__)), error: .data_run is too large to fit in RAM memory segment)
                0x20000294                __bss_load_start__ = ALIGN (__data_run_end__, 0x4)

.bss            0x20000294     0x1dcc
                0x20000294                __bss_start__ = .
 *(.bss .bss.* .gnu.linkonce.b.*)
 .bss.inputMode
                0x20000294        0x1 THUMB Debug/main.o
                0x20000294                inputMode
 *fill*         0x20000295        0x3 00
 .bss.errorLed  0x20000298        0x4 THUMB Debug/main.o
                0x20000298                errorLed
 .bss.tp        0x2000029c        0x4 THUMB Debug/main.o
                0x2000029c                tp
 .bss.state     0x200002a0        0x1 THUMB Debug/main.o
                0x200002a0                state
 *fill*         0x200002a1        0x3 00
 .bss.minCycles
                0x200002a4        0x4 THUMB Debug/main.o
                0x200002a4                minCycles
 .bss.totalCycles
                0x200002a8        0x4 THUMB Debug/main.o
                0x200002a8                totalCycles
 .bss.statusLed
                0x200002ac        0x4 THUMB Debug/main.o
                0x200002ac                statusLed
 .bss.idleCounter
                0x200002b0        0x4 THUMB Debug/main.o
                0x200002b0                idleCounter
 .bss.fetNextStep
                0x200002b4        0x1 THUMB Debug/fet.o
                0x200002b4                fetNextStep
 *fill*         0x200002b5        0x1 00
 .bss.fetStartDetects
                0x200002b6        0x2 THUMB Debug/fet.o
                0x200002b6                fetStartDetects
 .bss.fetBraking
                0x200002b8        0x1 THUMB Debug/fet.o
                0x200002b8                fetBraking
 *fill*         0x200002b9        0x1 00
 .bss.fetDisarmDetects
                0x200002ba        0x2 THUMB Debug/fet.o
                0x200002ba                fetDisarmDetects
 .bss.fetCommutationMicros
                0x200002bc        0x4 THUMB Debug/fet.o
                0x200002bc                fetCommutationMicros
 .bss.fetTotalBadDetects
                0x200002c0        0x4 THUMB Debug/fet.o
                0x200002c0                fetTotalBadDetects
 .bss.fetBadDetects
                0x200002c4        0x4 THUMB Debug/fet.o
                0x200002c4                fetBadDetects
 .bss.myAngle.2649
                0x200002c8        0x4 THUMB Debug/fet.o
 .bss.fetPeriod
                0x200002cc        0x4 THUMB Debug/fet.o
                0x200002cc                fetPeriod
 .bss.fetActualDutyCycle
                0x200002d0        0x4 THUMB Debug/fet.o
                0x200002d0                fetActualDutyCycle
 .bss.fetStep   0x200002d4        0x1 THUMB Debug/fet.o
                0x200002d4                fetStep
 *fill*         0x200002d5        0x3 00
 .bss.servoDState.2650
                0x200002d8        0x4 THUMB Debug/fet.o
 .bss.startSeqCnt
                0x200002dc        0x2 THUMB Debug/fet.o
                0x200002dc                startSeqCnt
 .bss.fetBrakingEnabled
                0x200002de        0x1 THUMB Debug/fet.o
                0x200002de                fetBrakingEnabled
 *fill*         0x200002df        0x1 00
 .bss.fetDutyCycle
                0x200002e0        0x4 THUMB Debug/fet.o
                0x200002e0                fetDutyCycle
 .bss.fetSine   0x200002e4      0x800 THUMB Debug/fet.o
                0x200002e4                fetSine
 .bss.fetStepDir
                0x20000ae4        0x1 THUMB Debug/fet.o
                0x20000ae4                fetStepDir
 *fill*         0x20000ae5        0x3 00
 .bss.fetGoodDetects
                0x20000ae8        0x4 THUMB Debug/fet.o
                0x20000ae8                fetGoodDetects
 .bss.fetServoAngle
                0x20000aec        0x4 THUMB Debug/fet.o
                0x20000aec                fetServoAngle
 .bss.fetServoMaxRate
                0x20000af0        0x4 THUMB Debug/fet.o
                0x20000af0                fetServoMaxRate
 .bss.fetStartDuty
                0x20000af4        0x4 THUMB Debug/fet.o
                0x20000af4                fetStartDuty
 .bss.fetSwitchFreq
                0x20000af8        0x4 THUMB Debug/fet.o
                0x20000af8                fetSwitchFreq
 .bss.avgC      0x20000afc        0x4 THUMB Debug/adc.o
                0x20000afc                avgC
 .bss.adcblankingMicros
                0x20000b00        0x4 THUMB Debug/adc.o
                0x20000b00                adcblankingMicros
 .bss.adcAmpsOffset
                0x20000b04        0x4 THUMB Debug/adc.o
                0x20000b04                adcAmpsOffset
 .bss.nextCrossingDetect
                0x20000b08        0x4 THUMB Debug/adc.o
                0x20000b08                nextCrossingDetect
 .bss.histA     0x20000b0c       0x80 THUMB Debug/adc.o
                0x20000b0c                histA
 .bss.adcMinPeriod
                0x20000b8c        0x4 THUMB Debug/adc.o
                0x20000b8c                adcMinPeriod
 .bss.detectedCrossing
                0x20000b90        0x4 THUMB Debug/adc.o
                0x20000b90                detectedCrossing
 .bss.histSize  0x20000b94        0x2 THUMB Debug/adc.o
                0x20000b94                histSize
 *fill*         0x20000b96        0x2 00
 .bss.adcAvgAmps
                0x20000b98        0x4 THUMB Debug/adc.o
                0x20000b98                adcAvgAmps
 .bss.adcMaxPeriod
                0x20000b9c        0x4 THUMB Debug/adc.o
                0x20000b9c                adcMaxPeriod
 .bss.adcRawData
                0x20000ba0       0x20 THUMB Debug/adc.o
                0x20000ba0                adcRawData
 .bss.adcAdvance
                0x20000bc0        0x2 THUMB Debug/adc.o
                0x20000bc0                adcAdvance
 *fill*         0x20000bc2        0x2 00
 .bss.crossingPeriod
                0x20000bc4        0x4 THUMB Debug/adc.o
                0x20000bc4                crossingPeriod
 .bss.adcCrossingPeriod
                0x20000bc8        0x4 THUMB Debug/adc.o
                0x20000bc8                adcCrossingPeriod
 .bss.avgB      0x20000bcc        0x4 THUMB Debug/adc.o
                0x20000bcc                avgB
 .bss.histB     0x20000bd0       0x80 THUMB Debug/adc.o
                0x20000bd0                histB
 .bss.histC     0x20000c50       0x80 THUMB Debug/adc.o
                0x20000c50                histC
 .bss.adcToAmps
                0x20000cd0        0x4 THUMB Debug/adc.o
                0x20000cd0                adcToAmps
 .bss.histIndex
                0x20000cd4        0x2 THUMB Debug/adc.o
                0x20000cd4                histIndex
 *fill*         0x20000cd6        0x2 00
 .bss.adcAvgVolts
                0x20000cd8        0x4 THUMB Debug/adc.o
                0x20000cd8                adcAvgVolts
 .bss.adcMaxAmps
                0x20000cdc        0x4 THUMB Debug/adc.o
                0x20000cdc                adcMaxAmps
 .bss.avgA      0x20000ce0        0x4 THUMB Debug/adc.o
                0x20000ce0                avgA
 .bss.adcStateA
                0x20000ce4        0x1 THUMB Debug/adc.o
                0x20000ce4                adcStateA
 .bss.adcStateB
                0x20000ce5        0x1 THUMB Debug/adc.o
                0x20000ce5                adcStateB
 .bss.adcStateC
                0x20000ce6        0x1 THUMB Debug/adc.o
                0x20000ce6                adcStateC
 *fill*         0x20000ce7        0x1 00
 .bss.serialPort
                0x20000ce8     0x1114 THUMB Debug/serial.o
                0x20000ce8                serialPort
 .bss.pwmMinValue
                0x20001dfc        0x2 THUMB Debug/pwm.o
                0x20001dfc                pwmMinValue
 .bss.pwmMinPeriod
                0x20001dfe        0x2 THUMB Debug/pwm.o
                0x20001dfe                pwmMinPeriod
 .bss.pwmMaxValue
                0x20001e00        0x2 THUMB Debug/pwm.o
                0x20001e00                pwmMaxValue
 *fill*         0x20001e02        0x2 00
 .bss.pwmValidMicros
                0x20001e04        0x4 THUMB Debug/pwm.o
                0x20001e04                pwmValidMicros
 .bss.pwmMinStart
                0x20001e08        0x2 THUMB Debug/pwm.o
                0x20001e08                pwmMinStart
 .bss.pwmLoValue
                0x20001e0a        0x2 THUMB Debug/pwm.o
                0x20001e0a                pwmLoValue
 .bss.pwmHiValue
                0x20001e0c        0x2 THUMB Debug/pwm.o
                0x20001e0c                pwmHiValue
 .bss.pwmMaxPeriod
                0x20001e0e        0x2 THUMB Debug/pwm.o
                0x20001e0e                pwmMaxPeriod
 .bss.timerMicros
                0x20001e10        0x4 THUMB Debug/timer.o
                0x20001e10                timerMicros
 .bss.hiBits.2073
                0x20001e14        0x2 THUMB Debug/timer.o
 .bss.timerLast.2072
                0x20001e16        0x2 THUMB Debug/timer.o
 .bss.timerData
                0x20001e18       0x18 THUMB Debug/timer.o
                0x20001e18                timerData
 .bss.runCount  0x20001e30        0x4 THUMB Debug/run.o
                0x20001e30                runCount
 .bss.avgVolts  0x20001e34        0x4 THUMB Debug/run.o
                0x20001e34                avgVolts
 .bss.maxThrust
                0x20001e38        0x4 THUMB Debug/run.o
                0x20001e38                maxThrust
 .bss.rpm       0x20001e3c        0x4 THUMB Debug/run.o
                0x20001e3c                rpm
 .bss.runArmCount
                0x20001e40        0x1 THUMB Debug/run.o
                0x20001e40                runArmCount
 *fill*         0x20001e41        0x3 00
 .bss.rpmITerm  0x20001e44        0x4 THUMB Debug/run.o
                0x20001e44                rpmITerm
 .bss.runRpmLPF
                0x20001e48        0x4 THUMB Debug/run.o
                0x20001e48                runRpmLPF
 .bss.filteredSetpoint.3067
                0x20001e4c        0x4 THUMB Debug/run.o
 .bss.rpmI      0x20001e50        0x4 THUMB Debug/run.o
                0x20001e50                rpmI
 .bss.rpmPTerm  0x20001e54        0x4 THUMB Debug/run.o
                0x20001e54                rpmPTerm
 .bss.commandMode
                0x20001e58        0x1 THUMB Debug/run.o
                0x20001e58                commandMode
 *fill*         0x20001e59        0x3 00
 .bss.currentIState
                0x20001e5c        0x4 THUMB Debug/run.o
                0x20001e5c                currentIState
 .bss.runMode   0x20001e60        0x1 THUMB Debug/run.o
                0x20001e60                runMode
 *fill*         0x20001e61        0x3 00
 .bss.targetRpm
                0x20001e64        0x4 THUMB Debug/run.o
                0x20001e64                targetRpm
 .bss.avgAmps   0x20001e68        0x4 THUMB Debug/run.o
                0x20001e68                avgAmps
 .bss.disarmReason
                0x20001e6c        0x1 THUMB Debug/run.o
                0x20001e6c                disarmReason
 .bss.escId     0x20001e6d        0x1 THUMB Debug/run.o
                0x20001e6d                escId
 *fill*         0x20001e6e        0x2 00
 .bss.maxCurrentSQRT
                0x20001e70        0x4 THUMB Debug/run.o
                0x20001e70                maxCurrentSQRT
 .bss.runRPMFactor
                0x20001e74        0x4 THUMB Debug/run.o
                0x20001e74                runRPMFactor
 .bss.maxAmps   0x20001e78        0x4 THUMB Debug/run.o
                0x20001e78                maxAmps
 .bss.idlePercent
                0x20001e7c        0x4 THUMB Debug/run.o
                0x20001e7c                idlePercent
 .bss.lastPwm.3066
                0x20001e80        0x2 THUMB Debug/run.o
 *fill*         0x20001e82        0x2 00
 .bss.oldIdleCounter
                0x20001e84        0x4 THUMB Debug/run.o
                0x20001e84                oldIdleCounter
 .bss.cliBuf    0x20001e88       0x20 THUMB Debug/cli.o
                0x20001e88                cliBuf
 .bss.tempBuf   0x20001ea8       0x40 THUMB Debug/cli.o
                0x20001ea8                tempBuf
 .bss.cliBufIndex
                0x20001ee8        0x4 THUMB Debug/cli.o
                0x20001ee8                cliBufIndex
 .bss.version   0x20001eec       0x10 THUMB Debug/cli.o
                0x20001eec                version
 .bss.cliTelemetry
                0x20001efc        0x4 THUMB Debug/cli.o
                0x20001efc                cliTelemetry
 .bss.p         0x20001f00       0xc8 THUMB Debug/config.o
                0x20001f00                p
 .bss.sendNack  0x20001fc8        0x2 THUMB Debug/binary.o
                0x20001fc8                sendNack
 *fill*         0x20001fca        0x2 00
 .bss.binaryLoop
                0x20001fcc        0x4 THUMB Debug/binary.o
                0x20001fcc                binaryLoop
 .bss.commandBuf
                0x20001fd0        0xc THUMB Debug/binary.o
                0x20001fd0                commandBuf
 .bss.sendAck   0x20001fdc        0x2 THUMB Debug/binary.o
                0x20001fdc                sendAck
 .bss.i.2674    0x20001fde        0x1 THUMB Debug/binary.o
 .bss.binaryTelemCols
                0x20001fdf        0x1 THUMB Debug/binary.o
                0x20001fdf                binaryTelemCols
 .bss.n.2673    0x20001fe0        0x1 THUMB Debug/binary.o
 .bss.inChkA    0x20001fe1        0x1 THUMB Debug/binary.o
                0x20001fe1                inChkA
 .bss.inChkB    0x20001fe2        0x1 THUMB Debug/binary.o
                0x20001fe2                inChkB
 .bss.binaryTelemetryStop
                0x20001fe3        0x1 THUMB Debug/binary.o
                0x20001fe3                binaryTelemetryStop
 .bss.outChkA   0x20001fe4        0x1 THUMB Debug/binary.o
                0x20001fe4                outChkA
 .bss.outChkB   0x20001fe5        0x1 THUMB Debug/binary.o
                0x20001fe5                outChkB
 *fill*         0x20001fe6        0x2 00
 .bss.binaryTelemRate
                0x20001fe8        0x4 THUMB Debug/binary.o
                0x20001fe8                binaryTelemRate
 .bss.binaryTelemValues
                0x20001fec       0x10 THUMB Debug/binary.o
                0x20001fec                binaryTelemValues
 .bss.binaryParseState
                0x20001ffc        0x1 THUMB Debug/binary.o
                0x20001ffc                binaryParseState
 .bss.binaryTelemRows
                0x20001ffd        0x1 THUMB Debug/binary.o
                0x20001ffd                binaryTelemRows
 *fill*         0x20001ffe        0x2 00
 .bss.telemRowsCount.2690
                0x20002000        0x4 THUMB Debug/binary.o
 .bss.owBuf     0x20002004       0x10 THUMB Debug/ow.o
                0x20002004                owBuf
 .bss.owState   0x20002014        0x1 THUMB Debug/ow.o
                0x20002014                owState
 *fill*         0x20002015        0x3 00
 .bss.owROMCode
                0x20002018        0x8 THUMB Debug/ow.o
                0x20002018                owROMCode
 .bss.owBufPointer
                0x20002020        0x4 THUMB Debug/ow.o
                0x20002020                owBufPointer
 .bss.owByteValue
                0x20002024        0x1 THUMB Debug/ow.o
                0x20002024                owByteValue
 .bss.owBit     0x20002025        0x1 THUMB Debug/ow.o
                0x20002025                owBit
 .bss.owWriteNum
                0x20002026        0x1 THUMB Debug/ow.o
                0x20002026                owWriteNum
 .bss.owReadNum
                0x20002027        0x1 THUMB Debug/ow.o
                0x20002027                owReadNum
 .bss.owLastCommand
                0x20002028        0x1 THUMB Debug/ow.o
                0x20002028                owLastCommand
 *fill*         0x20002029        0x3 00
 .bss.loops.2717
                0x2000202c        0x4 THUMB Debug/can.o
 .bss.canData   0x20002030       0x20 THUMB Debug/can.o
                0x20002030                canData
 .bss.libc.__format_extender
                0x20002050        0x4 C:/Program Files (x86)/Rowley Associates Limited/CrossWorks for ARM 2.3/lib/libc_v7m_t_le.a(libc2.o)
                0x20002050                __format_extender
 .bss.libdebugio.dbgCommWord
                0x20002054        0x4 C:/Program Files (x86)/Rowley Associates Limited/CrossWorks for ARM 2.3/lib/libdebugio_v7m_t_le.a(libdebugio.o)
                0x20002054                dbgCommWord
 .bss.libdebugio.dbgCntrlWord_mempoll
                0x20002058        0x4 C:/Program Files (x86)/Rowley Associates Limited/CrossWorks for ARM 2.3/lib/libdebugio_v7m_t_le.a(libdebugio.o)
                0x20002058                dbgCntrlWord_mempoll
 .bss.libc.errno
                0x2000205c        0x4 C:/Program Files (x86)/Rowley Associates Limited/CrossWorks for ARM 2.3/lib/libc_user_libc_v7m_t_le.a(user_libc.o)
 *(COMMON)
                0x20002060                __bss_end__ = (__bss_start__ + SIZEOF (.bss))
                0x20002060                __bss_load_end__ = __bss_end__
                0x00000001                . = ASSERT (((__bss_end__ >= __RAM_segment_start__) && (__bss_end__ <= __RAM_segment_end__)), error: .bss is too large to fit in RAM memory segment)
                0x20002060                __non_init_load_start__ = ALIGN (__bss_end__, 0x4)

.non_init       0x20002060        0x0
                0x20002060                __non_init_start__ = .
 *(.non_init .non_init.*)
                0x20002060                __non_init_end__ = (__non_init_start__ + SIZEOF (.non_init))
                0x20002060                __non_init_load_end__ = __non_init_end__
                0x00000001                . = ASSERT (((__non_init_end__ >= __RAM_segment_start__) && (__non_init_end__ <= __RAM_segment_end__)), error: .non_init is too large to fit in RAM memory segment)
                0x20002060                __heap_load_start__ = ALIGN (__non_init_end__, 0x4)

.heap           0x20002060      0x400
                0x20002060                __heap_start__ = .
 *(.heap .heap.*)
                0x20002460                . = ALIGN (MAX ((__heap_start__ + __HEAPSIZE__), .), 0x4)
 *fill*         0x20002060      0x400 00
                0x20002460                __heap_end__ = (__heap_start__ + SIZEOF (.heap))
                0x20002460                __heap_load_end__ = __heap_end__
                0x00000001                . = ASSERT (((__heap_end__ >= __RAM_segment_start__) && (__heap_end__ <= __RAM_segment_end__)), error: .heap is too large to fit in RAM memory segment)
                0x20002460                __stack_load_start__ = ALIGN (__heap_end__, 0x4)

.stack          0x20002460      0x400
                0x20002460                __stack_start__ = .
 *(.stack .stack.*)
                0x20002860                . = ALIGN (MAX ((__stack_start__ + __STACKSIZE__), .), 0x4)
 *fill*         0x20002460      0x400 00
                0x20002860                __stack_end__ = (__stack_start__ + SIZEOF (.stack))
                0x20002860                __stack_load_end__ = __stack_end__
                0x00000001                . = ASSERT (((__stack_end__ >= __RAM_segment_start__) && (__stack_end__ <= __RAM_segment_end__)), error: .stack is too large to fit in RAM memory segment)
                0x20002860                __stack_process_load_start__ = ALIGN (__stack_end__, 0x4)

.stack_process  0x20002860        0x0
                0x20002860                __stack_process_start__ = .
 *(.stack_process .stack_process.*)
                0x20002860                . = ALIGN (MAX ((__stack_process_start__ + __STACKSIZE_PROCESS__), .), 0x4)
                0x20002860                __stack_process_end__ = (__stack_process_start__ + SIZEOF (.stack_process))
                0x20002860                __stack_process_load_end__ = __stack_process_end__
                0x00000001                . = ASSERT (((__stack_process_end__ >= __RAM_segment_start__) && (__stack_process_end__ <= __RAM_segment_end__)), error: .stack_process is too large to fit in RAM memory segment)
                0x20002860                __tbss_load_start__ = ALIGN (__stack_process_end__, 0x4)

.tbss           0x20002860        0x0
                0x20002860                __tbss_start__ = .
 *(.tbss .tbss.*)
                0x20002860                __tbss_end__ = (__tbss_start__ + SIZEOF (.tbss))
                0x20002860                __tbss_load_end__ = __tbss_end__
                0x00000001                . = ASSERT (((__tbss_end__ >= __RAM_segment_start__) && (__tbss_end__ <= __RAM_segment_end__)), error: .tbss is too large to fit in RAM memory segment)
                0x0800f020                __tdata_load_start__ = ALIGN ((__data_load_start__ + SIZEOF (.data)), 0x4)

.tdata          0x20002860        0x0 load address 0x0800f020
                0x20002860                __tdata_start__ = .
 *(.tdata .tdata.*)
                0x20002860                __tdata_end__ = (__tdata_start__ + SIZEOF (.tdata))
                0x0800f020                __tdata_load_end__ = (__tdata_load_start__ + SIZEOF (.tdata))
                0x0800f020                __FLASH_segment_used_end__ = (ALIGN ((__data_load_start__ + SIZEOF (.data)), 0x4) + SIZEOF (.tdata))
                0x00000001                . = ASSERT (((__tdata_load_end__ >= __FLASH_segment_start__) && (__tdata_load_end__ <= __FLASH_segment_end__)), error: .tdata is too large to fit in FLASH memory segment)

.tdata_run      0x20002860        0x0
                0x20002860                __tdata_run_start__ = .
                0x20002860                . = MAX ((__tdata_run_start__ + SIZEOF (.tdata)), .)
                0x20002860                __tdata_run_end__ = (__tdata_run_start__ + SIZEOF (.tdata_run))
                0x20002860                __tdata_run_load_end__ = __tdata_run_end__
                0x20002860                __RAM_segment_used_end__ = (ALIGN (__tbss_end__, 0x4) + SIZEOF (.tdata_run))
                0x00000001                . = ASSERT (((__tdata_run_end__ >= __RAM_segment_start__) && (__tdata_run_end__ <= __RAM_segment_end__)), error: .tdata_run is too large to fit in RAM memory segment)
START GROUP
LOAD THUMB Debug/main.o
LOAD THUMB Debug/fet.o
LOAD THUMB Debug/digital.o
LOAD THUMB Debug/rcc.o
LOAD THUMB Debug/adc.o
LOAD THUMB Debug/serial.o
LOAD THUMB Debug/pwm.o
LOAD THUMB Debug/timer.o
LOAD THUMB Debug/run.o
LOAD THUMB Debug/cli.o
LOAD THUMB Debug/config.o
LOAD THUMB Debug/binary.o
LOAD THUMB Debug/ow.o
LOAD THUMB Debug/can.o
LOAD THUMB Debug/xxhash.o
LOAD THUMB Debug/thumb_crt0.o
LOAD THUMB Debug/STM32_Startup.o
LOAD THUMB Debug/getbuildnum.o
LOAD THUMB Debug/stm32f10x_gpio.o
LOAD THUMB Debug/stm32f10x_rcc.o
LOAD THUMB Debug/system_stm32f10x.o
LOAD THUMB Debug/stm32f10x_tim.o
LOAD THUMB Debug/stm32f10x_dbgmcu.o
LOAD THUMB Debug/stm32f10x_adc.o
LOAD THUMB Debug/stm32f10x_dma.o
LOAD THUMB Debug/misc.o
LOAD THUMB Debug/stm32f10x_usart.o
LOAD THUMB Debug/stm32f10x_exti.o
LOAD THUMB Debug/stm32f10x_pwr.o
LOAD THUMB Debug/stm32f10x_flash.o
LOAD THUMB Debug/stm32f10x_iwdg.o
LOAD THUMB Debug/stm32f10x_can.o
LOAD THUMB Debug/stm32f10x_i2c.o
LOAD C:/Program Files (x86)/Rowley Associates Limited/CrossWorks for ARM 2.3/lib/libcm_v7m_t_le.a
LOAD C:/Program Files (x86)/Rowley Associates Limited/CrossWorks for ARM 2.3/lib/libm_v7m_t_le.a
LOAD C:/Program Files (x86)/Rowley Associates Limited/CrossWorks for ARM 2.3/lib/libc_v7m_t_le.a
LOAD C:/Program Files (x86)/Rowley Associates Limited/CrossWorks for ARM 2.3/lib/libcpp_v7m_t_le.a
LOAD C:/Program Files (x86)/Rowley Associates Limited/CrossWorks for ARM 2.3/lib/libdebugio_v7m_t_le.a
LOAD C:/Program Files (x86)/Rowley Associates Limited/CrossWorks for ARM 2.3/lib/libc_targetio_impl_v7m_t_le.a
LOAD C:/Program Files (x86)/Rowley Associates Limited/CrossWorks for ARM 2.3/lib/libc_user_libc_v7m_t_le.a
END GROUP
OUTPUT(THUMB Debug/ESC32.elf elf32-littlearm)

.debug_frame    0x00000000     0x6acc
 .debug_frame   0x00000000       0xa0 THUMB Debug/main.o
 .debug_frame   0x000000a0      0x28c THUMB Debug/fet.o
 .debug_frame   0x0000032c       0x48 THUMB Debug/digital.o
 .debug_frame   0x00000374       0x98 THUMB Debug/rcc.o
 .debug_frame   0x0000040c       0xdc THUMB Debug/adc.o
 .debug_frame   0x000004e8      0x110 THUMB Debug/serial.o
 .debug_frame   0x000005f8       0xa4 THUMB Debug/pwm.o
 .debug_frame   0x0000069c      0x128 THUMB Debug/timer.o
 .debug_frame   0x000007c4      0x1c4 THUMB Debug/run.o
 .debug_frame   0x00000988      0x3bc THUMB Debug/cli.o
 .debug_frame   0x00000d44      0x12c THUMB Debug/config.o
 .debug_frame   0x00000e70      0x150 THUMB Debug/binary.o
 .debug_frame   0x00000fc0      0x1e4 THUMB Debug/ow.o
 .debug_frame   0x000011a4      0x148 THUMB Debug/can.o
 .debug_frame   0x000012ec       0xdc THUMB Debug/xxhash.o
 .debug_frame   0x000013c8       0x20 THUMB Debug/getbuildnum.o
 .debug_frame   0x000013e8      0x230 THUMB Debug/stm32f10x_gpio.o
 .debug_frame   0x00001618      0x390 THUMB Debug/stm32f10x_rcc.o
 .debug_frame   0x000019a8       0x38 THUMB Debug/system_stm32f10x.o
 .debug_frame   0x000019e0      0xaf8 THUMB Debug/stm32f10x_tim.o
 .debug_frame   0x000024d8       0x50 THUMB Debug/stm32f10x_dbgmcu.o
 .debug_frame   0x00002528      0x460 THUMB Debug/stm32f10x_adc.o
 .debug_frame   0x00002988      0x148 THUMB Debug/stm32f10x_dma.o
 .debug_frame   0x00002ad0       0xa4 THUMB Debug/misc.o
 .debug_frame   0x00002b74      0x388 THUMB Debug/stm32f10x_usart.o